17:35:02 **** Incremental Build of configuration Debug for project CommunicationMaster ****
make -j32 all 
arm-none-eabi-gcc "../Core/Src/main.c" -mcpu=cortex-m4 -std=gnu11 -g3 -DDEBUG -DUSE_HAL_DRIVER -DSTM32F401xE -c -I../Core/Inc -I../Drivers/STM32F4xx_HAL_Driver/Inc -I../Drivers/STM32F4xx_HAL_Driver/Inc/Legacy -I../Drivers/CMSIS/Device/ST/STM32F4xx/Include -I../Drivers/CMSIS/Include -O0 -ffunction-sections -fdata-sections -Wall -fstack-usage -fcyclomatic-complexity -MMD -MP -MF"Core/Src/main.d" -MT"Core/Src/main.o" --specs=nano.specs -mfpu=fpv4-sp-d16 -mfloat-abi=hard -mthumb -o "Core/Src/main.o"
arm-none-eabi-gcc -o "CommunicationMaster.elf" @"objects.list"   -mcpu=cortex-m4 -T"C:\Users\BillL\Desktop\ECE-198-project-main\ECE-198-project-main\Communication\CommunicationMaster\STM32F401RETX_FLASH.ld" --specs=nosys.specs -Wl,-Map="CommunicationMaster.map" -Wl,--gc-sections -static --specs=nano.specs -mfpu=fpv4-sp-d16 -mfloat-abi=hard -mthumb -Wl,--start-group -lc -lm -Wl,--end-group
Finished building target: CommunicationMaster.elf
 
arm-none-eabi-size  CommunicationMaster.elf 
arm-none-eabi-objdump -h -S CommunicationMaster.elf  > "CommunicationMaster.list"
   text	   data	    bss	    dec	    hex	filename
  10816	     12	   1732	  12560	   3110	CommunicationMaster.elf
Finished building: default.size.stdout
 
Finished building: CommunicationMaster.list
 

17:35:03 Build Finished. 0 errors, 0 warnings. (took 1s.454ms)

