16:35:56 **** Incremental Build of configuration Debug for project CommunicationMaster ****
make -j32 all 
arm-none-eabi-gcc "../Core/Src/main.c" -mcpu=cortex-m4 -std=gnu11 -g3 -DDEBUG -DUSE_HAL_DRIVER -DSTM32F401xE -c -I../Core/Inc -I../Drivers/STM32F4xx_HAL_Driver/Inc -I../Drivers/STM32F4xx_HAL_Driver/Inc/Legacy -I../Drivers/CMSIS/Device/ST/STM32F4xx/Include -I../Drivers/CMSIS/Include -O0 -ffunction-sections -fdata-sections -Wall -fstack-usage -fcyclomatic-complexity -MMD -MP -MF"Core/Src/main.d" -MT"Core/Src/main.o" --specs=nano.specs -mfpu=fpv4-sp-d16 -mfloat-abi=hard -mthumb -o "Core/Src/main.o"
arm-none-eabi-gcc -o "CommunicationMaster.elf" @"objects.list"   -mcpu=cortex-m4 -T"C:\Users\BillL\Desktop\ECE-198-project-main\ECE-198-project-main\Communication\CommunicationMaster\STM32F401RETX_FLASH.ld" --specs=nosys.specs -Wl,-Map="CommunicationMaster.map" -Wl,--gc-sections -static --specs=nano.specs -mfpu=fpv4-sp-d16 -mfloat-abi=hard -mthumb -Wl,--start-group -lc -lm -Wl,--end-group
Finished building target: CommunicationMaster.elf
 
arm-none-eabi-size  CommunicationMaster.elf 
arm-none-eabi-objdump -h -S CommunicationMaster.elf  > "CommunicationMaster.list"
   text	   data	    bss	    dec	    hex	filename
  10884	     12	   1732	  12628	   3154	CommunicationMaster.elf
Finished building: default.size.stdout
 
Finished building: CommunicationMaster.list
 
16:36:01 **** Incremental Build of configuration Debug for project CommunicationMaster ****
make -j32 all 
arm-none-eabi-size  CommunicationMaster.elf 
   text	   data	    bss	    dec	    hex	filename
  10884	     12	   1732	  12628	   3154	CommunicationMaster.elf
Finished building: default.size.stdout
 
16:41:43 **** Incremental Build of configuration Debug for project CommunicationMaster ****
make -j32 all 
arm-none-eabi-gcc "../Core/Src/main.c" -mcpu=cortex-m4 -std=gnu11 -g3 -DDEBUG -DUSE_HAL_DRIVER -DSTM32F401xE -c -I../Core/Inc -I../Drivers/STM32F4xx_HAL_Driver/Inc -I../Drivers/STM32F4xx_HAL_Driver/Inc/Legacy -I../Drivers/CMSIS/Device/ST/STM32F4xx/Include -I../Drivers/CMSIS/Include -O0 -ffunction-sections -fdata-sections -Wall -fstack-usage -fcyclomatic-complexity -MMD -MP -MF"Core/Src/main.d" -MT"Core/Src/main.o" --specs=nano.specs -mfpu=fpv4-sp-d16 -mfloat-abi=hard -mthumb -o "Core/Src/main.o"
../Core/Src/main.c: In function 'main':
../Core/Src/main.c:116:35: warning: passing argument 2 of 'HAL_UART_Receive' makes pointer from integer without a cast [-Wint-conversion]
  116 |         HAL_UART_Receive(&huart2, inputChar, 1, 1000)
      |                                   ^~~~~~~~~
      |                                   |
      |                                   char
In file included from ../Core/Inc/stm32f4xx_hal_conf.h:411,
                 from ../Drivers/STM32F4xx_HAL_Driver/Inc/stm32f4xx_hal.h:29,
                 from ../Core/Inc/main.h:30,
                 from ../Core/Src/main.c:20:
../Drivers/STM32F4xx_HAL_Driver/Inc/stm32f4xx_hal_uart.h:746:72: note: expected 'uint8_t *' {aka 'unsigned char *'} but argument is of type 'char'
  746 | HAL_StatusTypeDef HAL_UART_Receive(UART_HandleTypeDef *huart, uint8_t *pData, uint16_t Size, uint32_t Timeout);
      |                                                               ~~~~~~~~~^~~~~
../Core/Src/main.c:116:54: error: expected ';' before 'switch'
  116 |         HAL_UART_Receive(&huart2, inputChar, 1, 1000)
      |                                                      ^
      |                                                      ;
  117 |           switch(inputChar) {
      |           ~~~~~~                                      
make: *** [Core/Src/subdir.mk:34: Core/Src/main.o] Error 1
"make -j32 all" terminated with exit code 2. Build might be incomplete.
16:41:52 **** Incremental Build of configuration Debug for project CommunicationMaster ****
make -j32 all 
arm-none-eabi-gcc "../Core/Src/main.c" -mcpu=cortex-m4 -std=gnu11 -g3 -DDEBUG -DUSE_HAL_DRIVER -DSTM32F401xE -c -I../Core/Inc -I../Drivers/STM32F4xx_HAL_Driver/Inc -I../Drivers/STM32F4xx_HAL_Driver/Inc/Legacy -I../Drivers/CMSIS/Device/ST/STM32F4xx/Include -I../Drivers/CMSIS/Include -O0 -ffunction-sections -fdata-sections -Wall -fstack-usage -fcyclomatic-complexity -MMD -MP -MF"Core/Src/main.d" -MT"Core/Src/main.o" --specs=nano.specs -mfpu=fpv4-sp-d16 -mfloat-abi=hard -mthumb -o "Core/Src/main.o"
../Core/Src/main.c: In function 'main':
../Core/Src/main.c:116:35: warning: passing argument 2 of 'HAL_UART_Receive' makes pointer from integer without a cast [-Wint-conversion]
  116 |         HAL_UART_Receive(&huart2, inputChar, 1, 1000);
      |                                   ^~~~~~~~~
      |                                   |
      |                                   char
In file included from ../Core/Inc/stm32f4xx_hal_conf.h:411,
                 from ../Drivers/STM32F4xx_HAL_Driver/Inc/stm32f4xx_hal.h:29,
                 from ../Core/Inc/main.h:30,
                 from ../Core/Src/main.c:20:
../Drivers/STM32F4xx_HAL_Driver/Inc/stm32f4xx_hal_uart.h:746:72: note: expected 'uint8_t *' {aka 'unsigned char *'} but argument is of type 'char'
  746 | HAL_StatusTypeDef HAL_UART_Receive(UART_HandleTypeDef *huart, uint8_t *pData, uint16_t Size, uint32_t Timeout);
      |                                                               ~~~~~~~~~^~~~~
arm-none-eabi-gcc -o "CommunicationMaster.elf" @"objects.list"   -mcpu=cortex-m4 -T"C:\Users\BillL\Desktop\ECE-198-project-main\ECE-198-project-main\Communication\CommunicationMaster\STM32F401RETX_FLASH.ld" --specs=nosys.specs -Wl,-Map="CommunicationMaster.map" -Wl,--gc-sections -static --specs=nano.specs -mfpu=fpv4-sp-d16 -mfloat-abi=hard -mthumb -Wl,--start-group -lc -lm -Wl,--end-group
Finished building target: CommunicationMaster.elf
 
arm-none-eabi-size  CommunicationMaster.elf 
arm-none-eabi-objdump -h -S CommunicationMaster.elf  > "CommunicationMaster.list"
   text	   data	    bss	    dec	    hex	filename
  10900	     12	   1732	  12644	   3164	CommunicationMaster.elf
Finished building: default.size.stdout
 
Finished building: CommunicationMaster.list
 
16:44:01 **** Incremental Build of configuration Debug for project CommunicationMaster ****
make -j32 all 
arm-none-eabi-gcc "../Core/Src/main.c" -mcpu=cortex-m4 -std=gnu11 -g3 -DDEBUG -DUSE_HAL_DRIVER -DSTM32F401xE -c -I../Core/Inc -I../Drivers/STM32F4xx_HAL_Driver/Inc -I../Drivers/STM32F4xx_HAL_Driver/Inc/Legacy -I../Drivers/CMSIS/Device/ST/STM32F4xx/Include -I../Drivers/CMSIS/Include -O0 -ffunction-sections -fdata-sections -Wall -fstack-usage -fcyclomatic-complexity -MMD -MP -MF"Core/Src/main.d" -MT"Core/Src/main.o" --specs=nano.specs -mfpu=fpv4-sp-d16 -mfloat-abi=hard -mthumb -o "Core/Src/main.o"
arm-none-eabi-gcc -o "CommunicationMaster.elf" @"objects.list"   -mcpu=cortex-m4 -T"C:\Users\BillL\Desktop\ECE-198-project-main\ECE-198-project-main\Communication\CommunicationMaster\STM32F401RETX_FLASH.ld" --specs=nosys.specs -Wl,-Map="CommunicationMaster.map" -Wl,--gc-sections -static --specs=nano.specs -mfpu=fpv4-sp-d16 -mfloat-abi=hard -mthumb -Wl,--start-group -lc -lm -Wl,--end-group
Finished building target: CommunicationMaster.elf
 
arm-none-eabi-size  CommunicationMaster.elf 
arm-none-eabi-objdump -h -S CommunicationMaster.elf  > "CommunicationMaster.list"
   text	   data	    bss	    dec	    hex	filename
  10884	     12	   1732	  12628	   3154	CommunicationMaster.elf
Finished building: default.size.stdout
 
Finished building: CommunicationMaster.list
 
16:45:36 **** Incremental Build of configuration Debug for project CommunicationMaster ****
make -j32 all 
arm-none-eabi-size  CommunicationMaster.elf 
   text	   data	    bss	    dec	    hex	filename
  10884	     12	   1732	  12628	   3154	CommunicationMaster.elf
Finished building: default.size.stdout
 
16:45:40 **** Incremental Build of configuration Debug for project CommunicationMaster ****
make -j32 all 
arm-none-eabi-size  CommunicationMaster.elf 
   text	   data	    bss	    dec	    hex	filename
  10884	     12	   1732	  12628	   3154	CommunicationMaster.elf
Finished building: default.size.stdout
 
16:51:59 **** Incremental Build of configuration Debug for project CommunicationSlave ****
make -j32 all 
arm-none-eabi-gcc "../Core/Src/main.c" -mcpu=cortex-m4 -std=gnu11 -g3 -DDEBUG -DUSE_HAL_DRIVER -DSTM32F401xE -c -I../Core/Inc -I../Drivers/STM32F4xx_HAL_Driver/Inc -I../Drivers/STM32F4xx_HAL_Driver/Inc/Legacy -I../Drivers/CMSIS/Device/ST/STM32F4xx/Include -I../Drivers/CMSIS/Include -O0 -ffunction-sections -fdata-sections -Wall -fstack-usage -fcyclomatic-complexity -MMD -MP -MF"Core/Src/main.d" -MT"Core/Src/main.o" --specs=nano.specs -mfpu=fpv4-sp-d16 -mfloat-abi=hard -mthumb -o "Core/Src/main.o"
../Core/Src/main.c: In function 'main':
../Core/Src/main.c:127:38: warning: passing argument 2 of 'HAL_UART_Transmit' makes pointer from integer without a cast [-Wint-conversion]
  127 |           HAL_UART_Transmit(&huart2, tdsValue, sizeof(tdsValue), 1000);
      |                                      ^~~~~~~~
      |                                      |
      |                                      int
In file included from ../Core/Inc/stm32f4xx_hal_conf.h:411,
                 from ../Drivers/STM32F4xx_HAL_Driver/Inc/stm32f4xx_hal.h:29,
                 from ../Core/Inc/main.h:30,
                 from ../Core/Src/main.c:20:
../Drivers/STM32F4xx_HAL_Driver/Inc/stm32f4xx_hal_uart.h:745:79: note: expected 'const uint8_t *' {aka 'const unsigned char *'} but argument is of type 'int'
  745 | HAL_StatusTypeDef HAL_UART_Transmit(UART_HandleTypeDef *huart, const uint8_t *pData, uint16_t Size, uint32_t Timeout);
      |                                                                ~~~~~~~~~~~~~~~^~~~~
../Core/Src/main.c:181:11: warning: implicit declaration of function 'controlBothMotors' [-Wimplicit-function-declaration]
  181 |           controlBothMotors(motor1Direction, motor2Direction);
      |           ^~~~~~~~~~~~~~~~~
../Core/Src/main.c:91:23: warning: unused variable 'motor2Direction' [-Wunused-variable]
   91 |   int motor1Direction,motor2Direction;
      |                       ^~~~~~~~~~~~~~~
../Core/Src/main.c:91:7: warning: unused variable 'motor1Direction' [-Wunused-variable]
   91 |   int motor1Direction,motor2Direction;
      |       ^~~~~~~~~~~~~~~
../Core/Src/main.c:90:11: warning: unused variable 'rxData' [-Wunused-variable]
   90 |   uint8_t rxData[2]; // Store received data
      |           ^~~~~~
../Core/Src/main.c:89:11: warning: variable 'txData' set but not used [-Wunused-but-set-variable]
   89 |   uint8_t txData[2]; // Data to transmit
      |           ^~~~~~
../Core/Src/main.c: At top level:
../Core/Src/main.c:411:6: warning: conflicting types for 'controlBothMotors'; have 'void(int,  int)'
  411 | void controlBothMotors(int motor1Direction, int motor2Direction)
      |      ^~~~~~~~~~~~~~~~~
../Core/Src/main.c:181:11: note: previous implicit declaration of 'controlBothMotors' with type 'void(int,  int)'
  181 |           controlBothMotors(motor1Direction, motor2Direction);
      |           ^~~~~~~~~~~~~~~~~
arm-none-eabi-gcc -o "CommunicationSlave.elf" @"objects.list"   -mcpu=cortex-m4 -T"C:\Users\BillL\Desktop\ECE-198-project-main\ECE-198-project-main\Communication\CommunicationSlave\STM32F401RETX_FLASH.ld" --specs=nosys.specs -Wl,-Map="CommunicationSlave.map" -Wl,--gc-sections -static --specs=nano.specs -mfpu=fpv4-sp-d16 -mfloat-abi=hard -mthumb -Wl,--start-group -lc -lm -Wl,--end-group
Finished building target: CommunicationSlave.elf
 
arm-none-eabi-size  CommunicationSlave.elf 
arm-none-eabi-objdump -h -S CommunicationSlave.elf  > "CommunicationSlave.list"
   text	   data	    bss	    dec	    hex	filename
  13876	     12	   1804	  15692	   3d4c	CommunicationSlave.elf
Finished building: default.size.stdout
 
Finished building: CommunicationSlave.list
 
16:55:57 **** Incremental Build of configuration Debug for project CommunicationSlave ****
make -j32 all 
arm-none-eabi-gcc "../Core/Src/main.c" -mcpu=cortex-m4 -std=gnu11 -g3 -DDEBUG -DUSE_HAL_DRIVER -DSTM32F401xE -c -I../Core/Inc -I../Drivers/STM32F4xx_HAL_Driver/Inc -I../Drivers/STM32F4xx_HAL_Driver/Inc/Legacy -I../Drivers/CMSIS/Device/ST/STM32F4xx/Include -I../Drivers/CMSIS/Include -O0 -ffunction-sections -fdata-sections -Wall -fstack-usage -fcyclomatic-complexity -MMD -MP -MF"Core/Src/main.d" -MT"Core/Src/main.o" --specs=nano.specs -mfpu=fpv4-sp-d16 -mfloat-abi=hard -mthumb -o "Core/Src/main.o"
../Core/Src/main.c: In function 'main':
../Core/Src/main.c:127:38: warning: passing argument 2 of 'HAL_UART_Transmit' from incompatible pointer type [-Wincompatible-pointer-types]
  127 |           HAL_UART_Transmit(&huart2, (int *)tdsValue, sizeof(tdsValue), 1000);
      |                                      ^~~~~~~~~~~~~~~
      |                                      |
      |                                      int *
In file included from ../Core/Inc/stm32f4xx_hal_conf.h:411,
                 from ../Drivers/STM32F4xx_HAL_Driver/Inc/stm32f4xx_hal.h:29,
                 from ../Core/Inc/main.h:30,
                 from ../Core/Src/main.c:20:
../Drivers/STM32F4xx_HAL_Driver/Inc/stm32f4xx_hal_uart.h:745:79: note: expected 'const uint8_t *' {aka 'const unsigned char *'} but argument is of type 'int *'
  745 | HAL_StatusTypeDef HAL_UART_Transmit(UART_HandleTypeDef *huart, const uint8_t *pData, uint16_t Size, uint32_t Timeout);
      |                                                                ~~~~~~~~~~~~~~~^~~~~
../Core/Src/main.c:181:11: warning: implicit declaration of function 'controlBothMotors' [-Wimplicit-function-declaration]
  181 |           controlBothMotors(motor1Direction, motor2Direction);
      |           ^~~~~~~~~~~~~~~~~
../Core/Src/main.c:91:23: warning: unused variable 'motor2Direction' [-Wunused-variable]
   91 |   int motor1Direction,motor2Direction;
      |                       ^~~~~~~~~~~~~~~
../Core/Src/main.c:91:7: warning: unused variable 'motor1Direction' [-Wunused-variable]
   91 |   int motor1Direction,motor2Direction;
      |       ^~~~~~~~~~~~~~~
../Core/Src/main.c:90:11: warning: unused variable 'rxData' [-Wunused-variable]
   90 |   uint8_t rxData[2]; // Store received data
      |           ^~~~~~
../Core/Src/main.c:89:11: warning: variable 'txData' set but not used [-Wunused-but-set-variable]
   89 |   uint8_t txData[2]; // Data to transmit
      |           ^~~~~~
../Core/Src/main.c: At top level:
../Core/Src/main.c:411:6: warning: conflicting types for 'controlBothMotors'; have 'void(int,  int)'
  411 | void controlBothMotors(int motor1Direction, int motor2Direction)
      |      ^~~~~~~~~~~~~~~~~
../Core/Src/main.c:181:11: note: previous implicit declaration of 'controlBothMotors' with type 'void(int,  int)'
  181 |           controlBothMotors(motor1Direction, motor2Direction);
      |           ^~~~~~~~~~~~~~~~~
arm-none-eabi-gcc -o "CommunicationSlave.elf" @"objects.list"   -mcpu=cortex-m4 -T"C:\Users\BillL\Desktop\ECE-198-project-main\ECE-198-project-main\Communication\CommunicationSlave\STM32F401RETX_FLASH.ld" --specs=nosys.specs -Wl,-Map="CommunicationSlave.map" -Wl,--gc-sections -static --specs=nano.specs -mfpu=fpv4-sp-d16 -mfloat-abi=hard -mthumb -Wl,--start-group -lc -lm -Wl,--end-group
Finished building target: CommunicationSlave.elf
 
arm-none-eabi-size  CommunicationSlave.elf 
arm-none-eabi-objdump -h -S CommunicationSlave.elf  > "CommunicationSlave.list"
   text	   data	    bss	    dec	    hex	filename
  13876	     12	   1804	  15692	   3d4c	CommunicationSlave.elf
Finished building: default.size.stdout
 
Finished building: CommunicationSlave.list
 
16:58:10 **** Incremental Build of configuration Debug for project CommunicationSlave ****
make -j32 all 
arm-none-eabi-gcc "../Core/Src/main.c" -mcpu=cortex-m4 -std=gnu11 -g3 -DDEBUG -DUSE_HAL_DRIVER -DSTM32F401xE -c -I../Core/Inc -I../Drivers/STM32F4xx_HAL_Driver/Inc -I../Drivers/STM32F4xx_HAL_Driver/Inc/Legacy -I../Drivers/CMSIS/Device/ST/STM32F4xx/Include -I../Drivers/CMSIS/Include -O0 -ffunction-sections -fdata-sections -Wall -fstack-usage -fcyclomatic-complexity -MMD -MP -MF"Core/Src/main.d" -MT"Core/Src/main.o" --specs=nano.specs -mfpu=fpv4-sp-d16 -mfloat-abi=hard -mthumb -o "Core/Src/main.o"
../Core/Src/main.c: In function 'main':
../Core/Src/main.c:127:38: warning: passing argument 2 of 'HAL_UART_Transmit' from incompatible pointer type [-Wincompatible-pointer-types]
  127 |           HAL_UART_Transmit(&huart2, (uint32_t *)adcValue, sizeof(adcValue), 1000);
      |                                      ^~~~~~~~~~~~~~~~~~~~
      |                                      |
      |                                      uint32_t * {aka long unsigned int *}
In file included from ../Core/Inc/stm32f4xx_hal_conf.h:411,
                 from ../Drivers/STM32F4xx_HAL_Driver/Inc/stm32f4xx_hal.h:29,
                 from ../Core/Inc/main.h:30,
                 from ../Core/Src/main.c:20:
../Drivers/STM32F4xx_HAL_Driver/Inc/stm32f4xx_hal_uart.h:745:79: note: expected 'const uint8_t *' {aka 'const unsigned char *'} but argument is of type 'uint32_t *' {aka 'long unsigned int *'}
  745 | HAL_StatusTypeDef HAL_UART_Transmit(UART_HandleTypeDef *huart, const uint8_t *pData, uint16_t Size, uint32_t Timeout);
      |                                                                ~~~~~~~~~~~~~~~^~~~~
../Core/Src/main.c:181:11: warning: implicit declaration of function 'controlBothMotors' [-Wimplicit-function-declaration]
  181 |           controlBothMotors(motor1Direction, motor2Direction);
      |           ^~~~~~~~~~~~~~~~~
../Core/Src/main.c:118:15: warning: variable 'tdsValue' set but not used [-Wunused-but-set-variable]
  118 |           int tdsValue;
      |               ^~~~~~~~
../Core/Src/main.c:91:23: warning: unused variable 'motor2Direction' [-Wunused-variable]
   91 |   int motor1Direction,motor2Direction;
      |                       ^~~~~~~~~~~~~~~
../Core/Src/main.c:91:7: warning: unused variable 'motor1Direction' [-Wunused-variable]
   91 |   int motor1Direction,motor2Direction;
      |       ^~~~~~~~~~~~~~~
../Core/Src/main.c:90:11: warning: unused variable 'rxData' [-Wunused-variable]
   90 |   uint8_t rxData[2]; // Store received data
      |           ^~~~~~
../Core/Src/main.c:89:11: warning: variable 'txData' set but not used [-Wunused-but-set-variable]
   89 |   uint8_t txData[2]; // Data to transmit
      |           ^~~~~~
../Core/Src/main.c: At top level:
../Core/Src/main.c:411:6: warning: conflicting types for 'controlBothMotors'; have 'void(int,  int)'
  411 | void controlBothMotors(int motor1Direction, int motor2Direction)
      |      ^~~~~~~~~~~~~~~~~
../Core/Src/main.c:181:11: note: previous implicit declaration of 'controlBothMotors' with type 'void(int,  int)'
  181 |           controlBothMotors(motor1Direction, motor2Direction);
      |           ^~~~~~~~~~~~~~~~~
arm-none-eabi-gcc -o "CommunicationSlave.elf" @"objects.list"   -mcpu=cortex-m4 -T"C:\Users\BillL\Desktop\ECE-198-project-main\ECE-198-project-main\Communication\CommunicationSlave\STM32F401RETX_FLASH.ld" --specs=nosys.specs -Wl,-Map="CommunicationSlave.map" -Wl,--gc-sections -static --specs=nano.specs -mfpu=fpv4-sp-d16 -mfloat-abi=hard -mthumb -Wl,--start-group -lc -lm -Wl,--end-group
Finished building target: CommunicationSlave.elf
 
arm-none-eabi-size  CommunicationSlave.elf 
arm-none-eabi-objdump -h -S CommunicationSlave.elf  > "CommunicationSlave.list"
   text	   data	    bss	    dec	    hex	filename
  13876	     12	   1804	  15692	   3d4c	CommunicationSlave.elf
Finished building: default.size.stdout
 
Finished building: CommunicationSlave.list
 
16:59:06 **** Incremental Build of configuration Debug for project CommunicationMaster ****
make -j32 all 
arm-none-eabi-gcc "../Drivers/STM32F4xx_HAL_Driver/Src/stm32f4xx_hal.c" -mcpu=cortex-m4 -std=gnu11 -g3 -DDEBUG -DUSE_HAL_DRIVER -DSTM32F401xE -c -I../Core/Inc -I../Drivers/STM32F4xx_HAL_Driver/Inc -I../Drivers/STM32F4xx_HAL_Driver/Inc/Legacy -I../Drivers/CMSIS/Device/ST/STM32F4xx/Include -I../Drivers/CMSIS/Include -O0 -ffunction-sections -fdata-sections -Wall -fstack-usage -fcyclomatic-complexity -MMD -MP -MF"Drivers/STM32F4xx_HAL_Driver/Src/stm32f4xx_hal.d" -MT"Drivers/STM32F4xx_HAL_Driver/Src/stm32f4xx_hal.o" --specs=nano.specs -mfpu=fpv4-sp-d16 -mfloat-abi=hard -mthumb -o "Drivers/STM32F4xx_HAL_Driver/Src/stm32f4xx_hal.o"
arm-none-eabi-gcc "../Drivers/STM32F4xx_HAL_Driver/Src/stm32f4xx_hal_adc.c" -mcpu=cortex-m4 -std=gnu11 -g3 -DDEBUG -DUSE_HAL_DRIVER -DSTM32F401xE -c -I../Core/Inc -I../Drivers/STM32F4xx_HAL_Driver/Inc -I../Drivers/STM32F4xx_HAL_Driver/Inc/Legacy -I../Drivers/CMSIS/Device/ST/STM32F4xx/Include -I../Drivers/CMSIS/Include -O0 -ffunction-sections -fdata-sections -Wall -fstack-usage -fcyclomatic-complexity -MMD -MP -MF"Drivers/STM32F4xx_HAL_Driver/Src/stm32f4xx_hal_adc.d" -MT"Drivers/STM32F4xx_HAL_Driver/Src/stm32f4xx_hal_adc.o" --specs=nano.specs -mfpu=fpv4-sp-d16 -mfloat-abi=hard -mthumb -o "Drivers/STM32F4xx_HAL_Driver/Src/stm32f4xx_hal_adc.o"
arm-none-eabi-gcc "../Drivers/STM32F4xx_HAL_Driver/Src/stm32f4xx_hal_adc_ex.c" -mcpu=cortex-m4 -std=gnu11 -g3 -DDEBUG -DUSE_HAL_DRIVER -DSTM32F401xE -c -I../Core/Inc -I../Drivers/STM32F4xx_HAL_Driver/Inc -I../Drivers/STM32F4xx_HAL_Driver/Inc/Legacy -I../Drivers/CMSIS/Device/ST/STM32F4xx/Include -I../Drivers/CMSIS/Include -O0 -ffunction-sections -fdata-sections -Wall -fstack-usage -fcyclomatic-complexity -MMD -MP -MF"Drivers/STM32F4xx_HAL_Driver/Src/stm32f4xx_hal_adc_ex.d" -MT"Drivers/STM32F4xx_HAL_Driver/Src/stm32f4xx_hal_adc_ex.o" --specs=nano.specs -mfpu=fpv4-sp-d16 -mfloat-abi=hard -mthumb -o "Drivers/STM32F4xx_HAL_Driver/Src/stm32f4xx_hal_adc_ex.o"
arm-none-eabi-gcc "../Drivers/STM32F4xx_HAL_Driver/Src/stm32f4xx_hal_cortex.c" -mcpu=cortex-m4 -std=gnu11 -g3 -DDEBUG -DUSE_HAL_DRIVER -DSTM32F401xE -c -I../Core/Inc -I../Drivers/STM32F4xx_HAL_Driver/Inc -I../Drivers/STM32F4xx_HAL_Driver/Inc/Legacy -I../Drivers/CMSIS/Device/ST/STM32F4xx/Include -I../Drivers/CMSIS/Include -O0 -ffunction-sections -fdata-sections -Wall -fstack-usage -fcyclomatic-complexity -MMD -MP -MF"Drivers/STM32F4xx_HAL_Driver/Src/stm32f4xx_hal_cortex.d" -MT"Drivers/STM32F4xx_HAL_Driver/Src/stm32f4xx_hal_cortex.o" --specs=nano.specs -mfpu=fpv4-sp-d16 -mfloat-abi=hard -mthumb -o "Drivers/STM32F4xx_HAL_Driver/Src/stm32f4xx_hal_cortex.o"
arm-none-eabi-gcc "../Drivers/STM32F4xx_HAL_Driver/Src/stm32f4xx_hal_dma.c" -mcpu=cortex-m4 -std=gnu11 -g3 -DDEBUG -DUSE_HAL_DRIVER -DSTM32F401xE -c -I../Core/Inc -I../Drivers/STM32F4xx_HAL_Driver/Inc -I../Drivers/STM32F4xx_HAL_Driver/Inc/Legacy -I../Drivers/CMSIS/Device/ST/STM32F4xx/Include -I../Drivers/CMSIS/Include -O0 -ffunction-sections -fdata-sections -Wall -fstack-usage -fcyclomatic-complexity -MMD -MP -MF"Drivers/STM32F4xx_HAL_Driver/Src/stm32f4xx_hal_dma.d" -MT"Drivers/STM32F4xx_HAL_Driver/Src/stm32f4xx_hal_dma.o" --specs=nano.specs -mfpu=fpv4-sp-d16 -mfloat-abi=hard -mthumb -o "Drivers/STM32F4xx_HAL_Driver/Src/stm32f4xx_hal_dma.o"
arm-none-eabi-gcc "../Drivers/STM32F4xx_HAL_Driver/Src/stm32f4xx_hal_dma_ex.c" -mcpu=cortex-m4 -std=gnu11 -g3 -DDEBUG -DUSE_HAL_DRIVER -DSTM32F401xE -c -I../Core/Inc -I../Drivers/STM32F4xx_HAL_Driver/Inc -I../Drivers/STM32F4xx_HAL_Driver/Inc/Legacy -I../Drivers/CMSIS/Device/ST/STM32F4xx/Include -I../Drivers/CMSIS/Include -O0 -ffunction-sections -fdata-sections -Wall -fstack-usage -fcyclomatic-complexity -MMD -MP -MF"Drivers/STM32F4xx_HAL_Driver/Src/stm32f4xx_hal_dma_ex.d" -MT"Drivers/STM32F4xx_HAL_Driver/Src/stm32f4xx_hal_dma_ex.o" --specs=nano.specs -mfpu=fpv4-sp-d16 -mfloat-abi=hard -mthumb -o "Drivers/STM32F4xx_HAL_Driver/Src/stm32f4xx_hal_dma_ex.o"
arm-none-eabi-gcc "../Drivers/STM32F4xx_HAL_Driver/Src/stm32f4xx_hal_exti.c" -mcpu=cortex-m4 -std=gnu11 -g3 -DDEBUG -DUSE_HAL_DRIVER -DSTM32F401xE -c -I../Core/Inc -I../Drivers/STM32F4xx_HAL_Driver/Inc -I../Drivers/STM32F4xx_HAL_Driver/Inc/Legacy -I../Drivers/CMSIS/Device/ST/STM32F4xx/Include -I../Drivers/CMSIS/Include -O0 -ffunction-sections -fdata-sections -Wall -fstack-usage -fcyclomatic-complexity -MMD -MP -MF"Drivers/STM32F4xx_HAL_Driver/Src/stm32f4xx_hal_exti.d" -MT"Drivers/STM32F4xx_HAL_Driver/Src/stm32f4xx_hal_exti.o" --specs=nano.specs -mfpu=fpv4-sp-d16 -mfloat-abi=hard -mthumb -o "Drivers/STM32F4xx_HAL_Driver/Src/stm32f4xx_hal_exti.o"
arm-none-eabi-gcc "../Drivers/STM32F4xx_HAL_Driver/Src/stm32f4xx_hal_flash.c" -mcpu=cortex-m4 -std=gnu11 -g3 -DDEBUG -DUSE_HAL_DRIVER -DSTM32F401xE -c -I../Core/Inc -I../Drivers/STM32F4xx_HAL_Driver/Inc -I../Drivers/STM32F4xx_HAL_Driver/Inc/Legacy -I../Drivers/CMSIS/Device/ST/STM32F4xx/Include -I../Drivers/CMSIS/Include -O0 -ffunction-sections -fdata-sections -Wall -fstack-usage -fcyclomatic-complexity -MMD -MP -MF"Drivers/STM32F4xx_HAL_Driver/Src/stm32f4xx_hal_flash.d" -MT"Drivers/STM32F4xx_HAL_Driver/Src/stm32f4xx_hal_flash.o" --specs=nano.specs -mfpu=fpv4-sp-d16 -mfloat-abi=hard -mthumb -o "Drivers/STM32F4xx_HAL_Driver/Src/stm32f4xx_hal_flash.o"
arm-none-eabi-gcc "../Drivers/STM32F4xx_HAL_Driver/Src/stm32f4xx_hal_flash_ex.c" -mcpu=cortex-m4 -std=gnu11 -g3 -DDEBUG -DUSE_HAL_DRIVER -DSTM32F401xE -c -I../Core/Inc -I../Drivers/STM32F4xx_HAL_Driver/Inc -I../Drivers/STM32F4xx_HAL_Driver/Inc/Legacy -I../Drivers/CMSIS/Device/ST/STM32F4xx/Include -I../Drivers/CMSIS/Include -O0 -ffunction-sections -fdata-sections -Wall -fstack-usage -fcyclomatic-complexity -MMD -MP -MF"Drivers/STM32F4xx_HAL_Driver/Src/stm32f4xx_hal_flash_ex.d" -MT"Drivers/STM32F4xx_HAL_Driver/Src/stm32f4xx_hal_flash_ex.o" --specs=nano.specs -mfpu=fpv4-sp-d16 -mfloat-abi=hard -mthumb -o "Drivers/STM32F4xx_HAL_Driver/Src/stm32f4xx_hal_flash_ex.o"
arm-none-eabi-gcc "../Drivers/STM32F4xx_HAL_Driver/Src/stm32f4xx_hal_flash_ramfunc.c" -mcpu=cortex-m4 -std=gnu11 -g3 -DDEBUG -DUSE_HAL_DRIVER -DSTM32F401xE -c -I../Core/Inc -I../Drivers/STM32F4xx_HAL_Driver/Inc -I../Drivers/STM32F4xx_HAL_Driver/Inc/Legacy -I../Drivers/CMSIS/Device/ST/STM32F4xx/Include -I../Drivers/CMSIS/Include -O0 -ffunction-sections -fdata-sections -Wall -fstack-usage -fcyclomatic-complexity -MMD -MP -MF"Drivers/STM32F4xx_HAL_Driver/Src/stm32f4xx_hal_flash_ramfunc.d" -MT"Drivers/STM32F4xx_HAL_Driver/Src/stm32f4xx_hal_flash_ramfunc.o" --specs=nano.specs -mfpu=fpv4-sp-d16 -mfloat-abi=hard -mthumb -o "Drivers/STM32F4xx_HAL_Driver/Src/stm32f4xx_hal_flash_ramfunc.o"
arm-none-eabi-gcc "../Drivers/STM32F4xx_HAL_Driver/Src/stm32f4xx_hal_gpio.c" -mcpu=cortex-m4 -std=gnu11 -g3 -DDEBUG -DUSE_HAL_DRIVER -DSTM32F401xE -c -I../Core/Inc -I../Drivers/STM32F4xx_HAL_Driver/Inc -I../Drivers/STM32F4xx_HAL_Driver/Inc/Legacy -I../Drivers/CMSIS/Device/ST/STM32F4xx/Include -I../Drivers/CMSIS/Include -O0 -ffunction-sections -fdata-sections -Wall -fstack-usage -fcyclomatic-complexity -MMD -MP -MF"Drivers/STM32F4xx_HAL_Driver/Src/stm32f4xx_hal_gpio.d" -MT"Drivers/STM32F4xx_HAL_Driver/Src/stm32f4xx_hal_gpio.o" --specs=nano.specs -mfpu=fpv4-sp-d16 -mfloat-abi=hard -mthumb -o "Drivers/STM32F4xx_HAL_Driver/Src/stm32f4xx_hal_gpio.o"
arm-none-eabi-gcc "../Drivers/STM32F4xx_HAL_Driver/Src/stm32f4xx_hal_pwr.c" -mcpu=cortex-m4 -std=gnu11 -g3 -DDEBUG -DUSE_HAL_DRIVER -DSTM32F401xE -c -I../Core/Inc -I../Drivers/STM32F4xx_HAL_Driver/Inc -I../Drivers/STM32F4xx_HAL_Driver/Inc/Legacy -I../Drivers/CMSIS/Device/ST/STM32F4xx/Include -I../Drivers/CMSIS/Include -O0 -ffunction-sections -fdata-sections -Wall -fstack-usage -fcyclomatic-complexity -MMD -MP -MF"Drivers/STM32F4xx_HAL_Driver/Src/stm32f4xx_hal_pwr.d" -MT"Drivers/STM32F4xx_HAL_Driver/Src/stm32f4xx_hal_pwr.o" --specs=nano.specs -mfpu=fpv4-sp-d16 -mfloat-abi=hard -mthumb -o "Drivers/STM32F4xx_HAL_Driver/Src/stm32f4xx_hal_pwr.o"
arm-none-eabi-gcc "../Drivers/STM32F4xx_HAL_Driver/Src/stm32f4xx_hal_pwr_ex.c" -mcpu=cortex-m4 -std=gnu11 -g3 -DDEBUG -DUSE_HAL_DRIVER -DSTM32F401xE -c -I../Core/Inc -I../Drivers/STM32F4xx_HAL_Driver/Inc -I../Drivers/STM32F4xx_HAL_Driver/Inc/Legacy -I../Drivers/CMSIS/Device/ST/STM32F4xx/Include -I../Drivers/CMSIS/Include -O0 -ffunction-sections -fdata-sections -Wall -fstack-usage -fcyclomatic-complexity -MMD -MP -MF"Drivers/STM32F4xx_HAL_Driver/Src/stm32f4xx_hal_pwr_ex.d" -MT"Drivers/STM32F4xx_HAL_Driver/Src/stm32f4xx_hal_pwr_ex.o" --specs=nano.specs -mfpu=fpv4-sp-d16 -mfloat-abi=hard -mthumb -o "Drivers/STM32F4xx_HAL_Driver/Src/stm32f4xx_hal_pwr_ex.o"
arm-none-eabi-gcc "../Drivers/STM32F4xx_HAL_Driver/Src/stm32f4xx_hal_rcc.c" -mcpu=cortex-m4 -std=gnu11 -g3 -DDEBUG -DUSE_HAL_DRIVER -DSTM32F401xE -c -I../Core/Inc -I../Drivers/STM32F4xx_HAL_Driver/Inc -I../Drivers/STM32F4xx_HAL_Driver/Inc/Legacy -I../Drivers/CMSIS/Device/ST/STM32F4xx/Include -I../Drivers/CMSIS/Include -O0 -ffunction-sections -fdata-sections -Wall -fstack-usage -fcyclomatic-complexity -MMD -MP -MF"Drivers/STM32F4xx_HAL_Driver/Src/stm32f4xx_hal_rcc.d" -MT"Drivers/STM32F4xx_HAL_Driver/Src/stm32f4xx_hal_rcc.o" --specs=nano.specs -mfpu=fpv4-sp-d16 -mfloat-abi=hard -mthumb -o "Drivers/STM32F4xx_HAL_Driver/Src/stm32f4xx_hal_rcc.o"
arm-none-eabi-gcc "../Drivers/STM32F4xx_HAL_Driver/Src/stm32f4xx_hal_rcc_ex.c" -mcpu=cortex-m4 -std=gnu11 -g3 -DDEBUG -DUSE_HAL_DRIVER -DSTM32F401xE -c -I../Core/Inc -I../Drivers/STM32F4xx_HAL_Driver/Inc -I../Drivers/STM32F4xx_HAL_Driver/Inc/Legacy -I../Drivers/CMSIS/Device/ST/STM32F4xx/Include -I../Drivers/CMSIS/Include -O0 -ffunction-sections -fdata-sections -Wall -fstack-usage -fcyclomatic-complexity -MMD -MP -MF"Drivers/STM32F4xx_HAL_Driver/Src/stm32f4xx_hal_rcc_ex.d" -MT"Drivers/STM32F4xx_HAL_Driver/Src/stm32f4xx_hal_rcc_ex.o" --specs=nano.specs -mfpu=fpv4-sp-d16 -mfloat-abi=hard -mthumb -o "Drivers/STM32F4xx_HAL_Driver/Src/stm32f4xx_hal_rcc_ex.o"
arm-none-eabi-gcc "../Drivers/STM32F4xx_HAL_Driver/Src/stm32f4xx_hal_spi.c" -mcpu=cortex-m4 -std=gnu11 -g3 -DDEBUG -DUSE_HAL_DRIVER -DSTM32F401xE -c -I../Core/Inc -I../Drivers/STM32F4xx_HAL_Driver/Inc -I../Drivers/STM32F4xx_HAL_Driver/Inc/Legacy -I../Drivers/CMSIS/Device/ST/STM32F4xx/Include -I../Drivers/CMSIS/Include -O0 -ffunction-sections -fdata-sections -Wall -fstack-usage -fcyclomatic-complexity -MMD -MP -MF"Drivers/STM32F4xx_HAL_Driver/Src/stm32f4xx_hal_spi.d" -MT"Drivers/STM32F4xx_HAL_Driver/Src/stm32f4xx_hal_spi.o" --specs=nano.specs -mfpu=fpv4-sp-d16 -mfloat-abi=hard -mthumb -o "Drivers/STM32F4xx_HAL_Driver/Src/stm32f4xx_hal_spi.o"
arm-none-eabi-gcc "../Drivers/STM32F4xx_HAL_Driver/Src/stm32f4xx_hal_tim.c" -mcpu=cortex-m4 -std=gnu11 -g3 -DDEBUG -DUSE_HAL_DRIVER -DSTM32F401xE -c -I../Core/Inc -I../Drivers/STM32F4xx_HAL_Driver/Inc -I../Drivers/STM32F4xx_HAL_Driver/Inc/Legacy -I../Drivers/CMSIS/Device/ST/STM32F4xx/Include -I../Drivers/CMSIS/Include -O0 -ffunction-sections -fdata-sections -Wall -fstack-usage -fcyclomatic-complexity -MMD -MP -MF"Drivers/STM32F4xx_HAL_Driver/Src/stm32f4xx_hal_tim.d" -MT"Drivers/STM32F4xx_HAL_Driver/Src/stm32f4xx_hal_tim.o" --specs=nano.specs -mfpu=fpv4-sp-d16 -mfloat-abi=hard -mthumb -o "Drivers/STM32F4xx_HAL_Driver/Src/stm32f4xx_hal_tim.o"
arm-none-eabi-gcc "../Drivers/STM32F4xx_HAL_Driver/Src/stm32f4xx_hal_tim_ex.c" -mcpu=cortex-m4 -std=gnu11 -g3 -DDEBUG -DUSE_HAL_DRIVER -DSTM32F401xE -c -I../Core/Inc -I../Drivers/STM32F4xx_HAL_Driver/Inc -I../Drivers/STM32F4xx_HAL_Driver/Inc/Legacy -I../Drivers/CMSIS/Device/ST/STM32F4xx/Include -I../Drivers/CMSIS/Include -O0 -ffunction-sections -fdata-sections -Wall -fstack-usage -fcyclomatic-complexity -MMD -MP -MF"Drivers/STM32F4xx_HAL_Driver/Src/stm32f4xx_hal_tim_ex.d" -MT"Drivers/STM32F4xx_HAL_Driver/Src/stm32f4xx_hal_tim_ex.o" --specs=nano.specs -mfpu=fpv4-sp-d16 -mfloat-abi=hard -mthumb -o "Drivers/STM32F4xx_HAL_Driver/Src/stm32f4xx_hal_tim_ex.o"
arm-none-eabi-gcc "../Drivers/STM32F4xx_HAL_Driver/Src/stm32f4xx_hal_uart.c" -mcpu=cortex-m4 -std=gnu11 -g3 -DDEBUG -DUSE_HAL_DRIVER -DSTM32F401xE -c -I../Core/Inc -I../Drivers/STM32F4xx_HAL_Driver/Inc -I../Drivers/STM32F4xx_HAL_Driver/Inc/Legacy -I../Drivers/CMSIS/Device/ST/STM32F4xx/Include -I../Drivers/CMSIS/Include -O0 -ffunction-sections -fdata-sections -Wall -fstack-usage -fcyclomatic-complexity -MMD -MP -MF"Drivers/STM32F4xx_HAL_Driver/Src/stm32f4xx_hal_uart.d" -MT"Drivers/STM32F4xx_HAL_Driver/Src/stm32f4xx_hal_uart.o" --specs=nano.specs -mfpu=fpv4-sp-d16 -mfloat-abi=hard -mthumb -o "Drivers/STM32F4xx_HAL_Driver/Src/stm32f4xx_hal_uart.o"
arm-none-eabi-gcc "../Drivers/STM32F4xx_HAL_Driver/Src/stm32f4xx_ll_adc.c" -mcpu=cortex-m4 -std=gnu11 -g3 -DDEBUG -DUSE_HAL_DRIVER -DSTM32F401xE -c -I../Core/Inc -I../Drivers/STM32F4xx_HAL_Driver/Inc -I../Drivers/STM32F4xx_HAL_Driver/Inc/Legacy -I../Drivers/CMSIS/Device/ST/STM32F4xx/Include -I../Drivers/CMSIS/Include -O0 -ffunction-sections -fdata-sections -Wall -fstack-usage -fcyclomatic-complexity -MMD -MP -MF"Drivers/STM32F4xx_HAL_Driver/Src/stm32f4xx_ll_adc.d" -MT"Drivers/STM32F4xx_HAL_Driver/Src/stm32f4xx_ll_adc.o" --specs=nano.specs -mfpu=fpv4-sp-d16 -mfloat-abi=hard -mthumb -o "Drivers/STM32F4xx_HAL_Driver/Src/stm32f4xx_ll_adc.o"
arm-none-eabi-gcc "../Core/Src/main.c" -mcpu=cortex-m4 -std=gnu11 -g3 -DDEBUG -DUSE_HAL_DRIVER -DSTM32F401xE -c -I../Core/Inc -I../Drivers/STM32F4xx_HAL_Driver/Inc -I../Drivers/STM32F4xx_HAL_Driver/Inc/Legacy -I../Drivers/CMSIS/Device/ST/STM32F4xx/Include -I../Drivers/CMSIS/Include -O0 -ffunction-sections -fdata-sections -Wall -fstack-usage -fcyclomatic-complexity -MMD -MP -MF"Core/Src/main.d" -MT"Core/Src/main.o" --specs=nano.specs -mfpu=fpv4-sp-d16 -mfloat-abi=hard -mthumb -o "Core/Src/main.o"
arm-none-eabi-gcc "../Core/Src/stm32f4xx_hal_msp.c" -mcpu=cortex-m4 -std=gnu11 -g3 -DDEBUG -DUSE_HAL_DRIVER -DSTM32F401xE -c -I../Core/Inc -I../Drivers/STM32F4xx_HAL_Driver/Inc -I../Drivers/STM32F4xx_HAL_Driver/Inc/Legacy -I../Drivers/CMSIS/Device/ST/STM32F4xx/Include -I../Drivers/CMSIS/Include -O0 -ffunction-sections -fdata-sections -Wall -fstack-usage -fcyclomatic-complexity -MMD -MP -MF"Core/Src/stm32f4xx_hal_msp.d" -MT"Core/Src/stm32f4xx_hal_msp.o" --specs=nano.specs -mfpu=fpv4-sp-d16 -mfloat-abi=hard -mthumb -o "Core/Src/stm32f4xx_hal_msp.o"
arm-none-eabi-gcc "../Core/Src/stm32f4xx_it.c" -mcpu=cortex-m4 -std=gnu11 -g3 -DDEBUG -DUSE_HAL_DRIVER -DSTM32F401xE -c -I../Core/Inc -I../Drivers/STM32F4xx_HAL_Driver/Inc -I../Drivers/STM32F4xx_HAL_Driver/Inc/Legacy -I../Drivers/CMSIS/Device/ST/STM32F4xx/Include -I../Drivers/CMSIS/Include -O0 -ffunction-sections -fdata-sections -Wall -fstack-usage -fcyclomatic-complexity -MMD -MP -MF"Core/Src/stm32f4xx_it.d" -MT"Core/Src/stm32f4xx_it.o" --specs=nano.specs -mfpu=fpv4-sp-d16 -mfloat-abi=hard -mthumb -o "Core/Src/stm32f4xx_it.o"
arm-none-eabi-gcc "../Core/Src/system_stm32f4xx.c" -mcpu=cortex-m4 -std=gnu11 -g3 -DDEBUG -DUSE_HAL_DRIVER -DSTM32F401xE -c -I../Core/Inc -I../Drivers/STM32F4xx_HAL_Driver/Inc -I../Drivers/STM32F4xx_HAL_Driver/Inc/Legacy -I../Drivers/CMSIS/Device/ST/STM32F4xx/Include -I../Drivers/CMSIS/Include -O0 -ffunction-sections -fdata-sections -Wall -fstack-usage -fcyclomatic-complexity -MMD -MP -MF"Core/Src/system_stm32f4xx.d" -MT"Core/Src/system_stm32f4xx.o" --specs=nano.specs -mfpu=fpv4-sp-d16 -mfloat-abi=hard -mthumb -o "Core/Src/system_stm32f4xx.o"
arm-none-eabi-gcc -o "CommunicationMaster.elf" @"objects.list"   -mcpu=cortex-m4 -T"C:\Users\BillL\Desktop\ECE-198-project-main\ECE-198-project-main\Communication\CommunicationMaster\STM32F401RETX_FLASH.ld" --specs=nosys.specs -Wl,-Map="CommunicationMaster.map" -Wl,--gc-sections -static --specs=nano.specs -mfpu=fpv4-sp-d16 -mfloat-abi=hard -mthumb -Wl,--start-group -lc -lm -Wl,--end-group
Finished building target: CommunicationMaster.elf
 
arm-none-eabi-size  CommunicationMaster.elf 
arm-none-eabi-objdump -h -S CommunicationMaster.elf  > "CommunicationMaster.list"
   text	   data	    bss	    dec	    hex	filename
  12408	     12	   1804	  14224	   3790	CommunicationMaster.elf
Finished building: default.size.stdout
 
Finished building: CommunicationMaster.list
 
17:00:36 **** Incremental Build of configuration Debug for project CommunicationSlave ****
make -j32 all 
arm-none-eabi-gcc "../Drivers/STM32F4xx_HAL_Driver/Src/stm32f4xx_hal.c" -mcpu=cortex-m4 -std=gnu11 -g3 -DDEBUG -DUSE_HAL_DRIVER -DSTM32F401xE -c -I../Core/Inc -I../Drivers/STM32F4xx_HAL_Driver/Inc -I../Drivers/STM32F4xx_HAL_Driver/Inc/Legacy -I../Drivers/CMSIS/Device/ST/STM32F4xx/Include -I../Drivers/CMSIS/Include -O0 -ffunction-sections -fdata-sections -Wall -fstack-usage -fcyclomatic-complexity -MMD -MP -MF"Drivers/STM32F4xx_HAL_Driver/Src/stm32f4xx_hal.d" -MT"Drivers/STM32F4xx_HAL_Driver/Src/stm32f4xx_hal.o" --specs=nano.specs -mfpu=fpv4-sp-d16 -mfloat-abi=hard -mthumb -o "Drivers/STM32F4xx_HAL_Driver/Src/stm32f4xx_hal.o"
arm-none-eabi-gcc "../Drivers/STM32F4xx_HAL_Driver/Src/stm32f4xx_hal_adc.c" -mcpu=cortex-m4 -std=gnu11 -g3 -DDEBUG -DUSE_HAL_DRIVER -DSTM32F401xE -c -I../Core/Inc -I../Drivers/STM32F4xx_HAL_Driver/Inc -I../Drivers/STM32F4xx_HAL_Driver/Inc/Legacy -I../Drivers/CMSIS/Device/ST/STM32F4xx/Include -I../Drivers/CMSIS/Include -O0 -ffunction-sections -fdata-sections -Wall -fstack-usage -fcyclomatic-complexity -MMD -MP -MF"Drivers/STM32F4xx_HAL_Driver/Src/stm32f4xx_hal_adc.d" -MT"Drivers/STM32F4xx_HAL_Driver/Src/stm32f4xx_hal_adc.o" --specs=nano.specs -mfpu=fpv4-sp-d16 -mfloat-abi=hard -mthumb -o "Drivers/STM32F4xx_HAL_Driver/Src/stm32f4xx_hal_adc.o"
arm-none-eabi-gcc "../Drivers/STM32F4xx_HAL_Driver/Src/stm32f4xx_hal_adc_ex.c" -mcpu=cortex-m4 -std=gnu11 -g3 -DDEBUG -DUSE_HAL_DRIVER -DSTM32F401xE -c -I../Core/Inc -I../Drivers/STM32F4xx_HAL_Driver/Inc -I../Drivers/STM32F4xx_HAL_Driver/Inc/Legacy -I../Drivers/CMSIS/Device/ST/STM32F4xx/Include -I../Drivers/CMSIS/Include -O0 -ffunction-sections -fdata-sections -Wall -fstack-usage -fcyclomatic-complexity -MMD -MP -MF"Drivers/STM32F4xx_HAL_Driver/Src/stm32f4xx_hal_adc_ex.d" -MT"Drivers/STM32F4xx_HAL_Driver/Src/stm32f4xx_hal_adc_ex.o" --specs=nano.specs -mfpu=fpv4-sp-d16 -mfloat-abi=hard -mthumb -o "Drivers/STM32F4xx_HAL_Driver/Src/stm32f4xx_hal_adc_ex.o"
arm-none-eabi-gcc "../Drivers/STM32F4xx_HAL_Driver/Src/stm32f4xx_hal_cortex.c" -mcpu=cortex-m4 -std=gnu11 -g3 -DDEBUG -DUSE_HAL_DRIVER -DSTM32F401xE -c -I../Core/Inc -I../Drivers/STM32F4xx_HAL_Driver/Inc -I../Drivers/STM32F4xx_HAL_Driver/Inc/Legacy -I../Drivers/CMSIS/Device/ST/STM32F4xx/Include -I../Drivers/CMSIS/Include -O0 -ffunction-sections -fdata-sections -Wall -fstack-usage -fcyclomatic-complexity -MMD -MP -MF"Drivers/STM32F4xx_HAL_Driver/Src/stm32f4xx_hal_cortex.d" -MT"Drivers/STM32F4xx_HAL_Driver/Src/stm32f4xx_hal_cortex.o" --specs=nano.specs -mfpu=fpv4-sp-d16 -mfloat-abi=hard -mthumb -o "Drivers/STM32F4xx_HAL_Driver/Src/stm32f4xx_hal_cortex.o"
arm-none-eabi-gcc "../Drivers/STM32F4xx_HAL_Driver/Src/stm32f4xx_hal_dma.c" -mcpu=cortex-m4 -std=gnu11 -g3 -DDEBUG -DUSE_HAL_DRIVER -DSTM32F401xE -c -I../Core/Inc -I../Drivers/STM32F4xx_HAL_Driver/Inc -I../Drivers/STM32F4xx_HAL_Driver/Inc/Legacy -I../Drivers/CMSIS/Device/ST/STM32F4xx/Include -I../Drivers/CMSIS/Include -O0 -ffunction-sections -fdata-sections -Wall -fstack-usage -fcyclomatic-complexity -MMD -MP -MF"Drivers/STM32F4xx_HAL_Driver/Src/stm32f4xx_hal_dma.d" -MT"Drivers/STM32F4xx_HAL_Driver/Src/stm32f4xx_hal_dma.o" --specs=nano.specs -mfpu=fpv4-sp-d16 -mfloat-abi=hard -mthumb -o "Drivers/STM32F4xx_HAL_Driver/Src/stm32f4xx_hal_dma.o"
arm-none-eabi-gcc "../Drivers/STM32F4xx_HAL_Driver/Src/stm32f4xx_hal_dma_ex.c" -mcpu=cortex-m4 -std=gnu11 -g3 -DDEBUG -DUSE_HAL_DRIVER -DSTM32F401xE -c -I../Core/Inc -I../Drivers/STM32F4xx_HAL_Driver/Inc -I../Drivers/STM32F4xx_HAL_Driver/Inc/Legacy -I../Drivers/CMSIS/Device/ST/STM32F4xx/Include -I../Drivers/CMSIS/Include -O0 -ffunction-sections -fdata-sections -Wall -fstack-usage -fcyclomatic-complexity -MMD -MP -MF"Drivers/STM32F4xx_HAL_Driver/Src/stm32f4xx_hal_dma_ex.d" -MT"Drivers/STM32F4xx_HAL_Driver/Src/stm32f4xx_hal_dma_ex.o" --specs=nano.specs -mfpu=fpv4-sp-d16 -mfloat-abi=hard -mthumb -o "Drivers/STM32F4xx_HAL_Driver/Src/stm32f4xx_hal_dma_ex.o"
arm-none-eabi-gcc "../Drivers/STM32F4xx_HAL_Driver/Src/stm32f4xx_hal_exti.c" -mcpu=cortex-m4 -std=gnu11 -g3 -DDEBUG -DUSE_HAL_DRIVER -DSTM32F401xE -c -I../Core/Inc -I../Drivers/STM32F4xx_HAL_Driver/Inc -I../Drivers/STM32F4xx_HAL_Driver/Inc/Legacy -I../Drivers/CMSIS/Device/ST/STM32F4xx/Include -I../Drivers/CMSIS/Include -O0 -ffunction-sections -fdata-sections -Wall -fstack-usage -fcyclomatic-complexity -MMD -MP -MF"Drivers/STM32F4xx_HAL_Driver/Src/stm32f4xx_hal_exti.d" -MT"Drivers/STM32F4xx_HAL_Driver/Src/stm32f4xx_hal_exti.o" --specs=nano.specs -mfpu=fpv4-sp-d16 -mfloat-abi=hard -mthumb -o "Drivers/STM32F4xx_HAL_Driver/Src/stm32f4xx_hal_exti.o"
arm-none-eabi-gcc "../Drivers/STM32F4xx_HAL_Driver/Src/stm32f4xx_hal_flash.c" -mcpu=cortex-m4 -std=gnu11 -g3 -DDEBUG -DUSE_HAL_DRIVER -DSTM32F401xE -c -I../Core/Inc -I../Drivers/STM32F4xx_HAL_Driver/Inc -I../Drivers/STM32F4xx_HAL_Driver/Inc/Legacy -I../Drivers/CMSIS/Device/ST/STM32F4xx/Include -I../Drivers/CMSIS/Include -O0 -ffunction-sections -fdata-sections -Wall -fstack-usage -fcyclomatic-complexity -MMD -MP -MF"Drivers/STM32F4xx_HAL_Driver/Src/stm32f4xx_hal_flash.d" -MT"Drivers/STM32F4xx_HAL_Driver/Src/stm32f4xx_hal_flash.o" --specs=nano.specs -mfpu=fpv4-sp-d16 -mfloat-abi=hard -mthumb -o "Drivers/STM32F4xx_HAL_Driver/Src/stm32f4xx_hal_flash.o"
arm-none-eabi-gcc "../Drivers/STM32F4xx_HAL_Driver/Src/stm32f4xx_hal_flash_ex.c" -mcpu=cortex-m4 -std=gnu11 -g3 -DDEBUG -DUSE_HAL_DRIVER -DSTM32F401xE -c -I../Core/Inc -I../Drivers/STM32F4xx_HAL_Driver/Inc -I../Drivers/STM32F4xx_HAL_Driver/Inc/Legacy -I../Drivers/CMSIS/Device/ST/STM32F4xx/Include -I../Drivers/CMSIS/Include -O0 -ffunction-sections -fdata-sections -Wall -fstack-usage -fcyclomatic-complexity -MMD -MP -MF"Drivers/STM32F4xx_HAL_Driver/Src/stm32f4xx_hal_flash_ex.d" -MT"Drivers/STM32F4xx_HAL_Driver/Src/stm32f4xx_hal_flash_ex.o" --specs=nano.specs -mfpu=fpv4-sp-d16 -mfloat-abi=hard -mthumb -o "Drivers/STM32F4xx_HAL_Driver/Src/stm32f4xx_hal_flash_ex.o"
arm-none-eabi-gcc "../Drivers/STM32F4xx_HAL_Driver/Src/stm32f4xx_hal_flash_ramfunc.c" -mcpu=cortex-m4 -std=gnu11 -g3 -DDEBUG -DUSE_HAL_DRIVER -DSTM32F401xE -c -I../Core/Inc -I../Drivers/STM32F4xx_HAL_Driver/Inc -I../Drivers/STM32F4xx_HAL_Driver/Inc/Legacy -I../Drivers/CMSIS/Device/ST/STM32F4xx/Include -I../Drivers/CMSIS/Include -O0 -ffunction-sections -fdata-sections -Wall -fstack-usage -fcyclomatic-complexity -MMD -MP -MF"Drivers/STM32F4xx_HAL_Driver/Src/stm32f4xx_hal_flash_ramfunc.d" -MT"Drivers/STM32F4xx_HAL_Driver/Src/stm32f4xx_hal_flash_ramfunc.o" --specs=nano.specs -mfpu=fpv4-sp-d16 -mfloat-abi=hard -mthumb -o "Drivers/STM32F4xx_HAL_Driver/Src/stm32f4xx_hal_flash_ramfunc.o"
arm-none-eabi-gcc "../Drivers/STM32F4xx_HAL_Driver/Src/stm32f4xx_hal_gpio.c" -mcpu=cortex-m4 -std=gnu11 -g3 -DDEBUG -DUSE_HAL_DRIVER -DSTM32F401xE -c -I../Core/Inc -I../Drivers/STM32F4xx_HAL_Driver/Inc -I../Drivers/STM32F4xx_HAL_Driver/Inc/Legacy -I../Drivers/CMSIS/Device/ST/STM32F4xx/Include -I../Drivers/CMSIS/Include -O0 -ffunction-sections -fdata-sections -Wall -fstack-usage -fcyclomatic-complexity -MMD -MP -MF"Drivers/STM32F4xx_HAL_Driver/Src/stm32f4xx_hal_gpio.d" -MT"Drivers/STM32F4xx_HAL_Driver/Src/stm32f4xx_hal_gpio.o" --specs=nano.specs -mfpu=fpv4-sp-d16 -mfloat-abi=hard -mthumb -o "Drivers/STM32F4xx_HAL_Driver/Src/stm32f4xx_hal_gpio.o"
arm-none-eabi-gcc "../Drivers/STM32F4xx_HAL_Driver/Src/stm32f4xx_hal_pwr.c" -mcpu=cortex-m4 -std=gnu11 -g3 -DDEBUG -DUSE_HAL_DRIVER -DSTM32F401xE -c -I../Core/Inc -I../Drivers/STM32F4xx_HAL_Driver/Inc -I../Drivers/STM32F4xx_HAL_Driver/Inc/Legacy -I../Drivers/CMSIS/Device/ST/STM32F4xx/Include -I../Drivers/CMSIS/Include -O0 -ffunction-sections -fdata-sections -Wall -fstack-usage -fcyclomatic-complexity -MMD -MP -MF"Drivers/STM32F4xx_HAL_Driver/Src/stm32f4xx_hal_pwr.d" -MT"Drivers/STM32F4xx_HAL_Driver/Src/stm32f4xx_hal_pwr.o" --specs=nano.specs -mfpu=fpv4-sp-d16 -mfloat-abi=hard -mthumb -o "Drivers/STM32F4xx_HAL_Driver/Src/stm32f4xx_hal_pwr.o"
arm-none-eabi-gcc "../Drivers/STM32F4xx_HAL_Driver/Src/stm32f4xx_hal_pwr_ex.c" -mcpu=cortex-m4 -std=gnu11 -g3 -DDEBUG -DUSE_HAL_DRIVER -DSTM32F401xE -c -I../Core/Inc -I../Drivers/STM32F4xx_HAL_Driver/Inc -I../Drivers/STM32F4xx_HAL_Driver/Inc/Legacy -I../Drivers/CMSIS/Device/ST/STM32F4xx/Include -I../Drivers/CMSIS/Include -O0 -ffunction-sections -fdata-sections -Wall -fstack-usage -fcyclomatic-complexity -MMD -MP -MF"Drivers/STM32F4xx_HAL_Driver/Src/stm32f4xx_hal_pwr_ex.d" -MT"Drivers/STM32F4xx_HAL_Driver/Src/stm32f4xx_hal_pwr_ex.o" --specs=nano.specs -mfpu=fpv4-sp-d16 -mfloat-abi=hard -mthumb -o "Drivers/STM32F4xx_HAL_Driver/Src/stm32f4xx_hal_pwr_ex.o"
arm-none-eabi-gcc "../Drivers/STM32F4xx_HAL_Driver/Src/stm32f4xx_hal_rcc.c" -mcpu=cortex-m4 -std=gnu11 -g3 -DDEBUG -DUSE_HAL_DRIVER -DSTM32F401xE -c -I../Core/Inc -I../Drivers/STM32F4xx_HAL_Driver/Inc -I../Drivers/STM32F4xx_HAL_Driver/Inc/Legacy -I../Drivers/CMSIS/Device/ST/STM32F4xx/Include -I../Drivers/CMSIS/Include -O0 -ffunction-sections -fdata-sections -Wall -fstack-usage -fcyclomatic-complexity -MMD -MP -MF"Drivers/STM32F4xx_HAL_Driver/Src/stm32f4xx_hal_rcc.d" -MT"Drivers/STM32F4xx_HAL_Driver/Src/stm32f4xx_hal_rcc.o" --specs=nano.specs -mfpu=fpv4-sp-d16 -mfloat-abi=hard -mthumb -o "Drivers/STM32F4xx_HAL_Driver/Src/stm32f4xx_hal_rcc.o"
arm-none-eabi-gcc "../Drivers/STM32F4xx_HAL_Driver/Src/stm32f4xx_hal_rcc_ex.c" -mcpu=cortex-m4 -std=gnu11 -g3 -DDEBUG -DUSE_HAL_DRIVER -DSTM32F401xE -c -I../Core/Inc -I../Drivers/STM32F4xx_HAL_Driver/Inc -I../Drivers/STM32F4xx_HAL_Driver/Inc/Legacy -I../Drivers/CMSIS/Device/ST/STM32F4xx/Include -I../Drivers/CMSIS/Include -O0 -ffunction-sections -fdata-sections -Wall -fstack-usage -fcyclomatic-complexity -MMD -MP -MF"Drivers/STM32F4xx_HAL_Driver/Src/stm32f4xx_hal_rcc_ex.d" -MT"Drivers/STM32F4xx_HAL_Driver/Src/stm32f4xx_hal_rcc_ex.o" --specs=nano.specs -mfpu=fpv4-sp-d16 -mfloat-abi=hard -mthumb -o "Drivers/STM32F4xx_HAL_Driver/Src/stm32f4xx_hal_rcc_ex.o"
arm-none-eabi-gcc "../Drivers/STM32F4xx_HAL_Driver/Src/stm32f4xx_hal_spi.c" -mcpu=cortex-m4 -std=gnu11 -g3 -DDEBUG -DUSE_HAL_DRIVER -DSTM32F401xE -c -I../Core/Inc -I../Drivers/STM32F4xx_HAL_Driver/Inc -I../Drivers/STM32F4xx_HAL_Driver/Inc/Legacy -I../Drivers/CMSIS/Device/ST/STM32F4xx/Include -I../Drivers/CMSIS/Include -O0 -ffunction-sections -fdata-sections -Wall -fstack-usage -fcyclomatic-complexity -MMD -MP -MF"Drivers/STM32F4xx_HAL_Driver/Src/stm32f4xx_hal_spi.d" -MT"Drivers/STM32F4xx_HAL_Driver/Src/stm32f4xx_hal_spi.o" --specs=nano.specs -mfpu=fpv4-sp-d16 -mfloat-abi=hard -mthumb -o "Drivers/STM32F4xx_HAL_Driver/Src/stm32f4xx_hal_spi.o"
arm-none-eabi-gcc "../Drivers/STM32F4xx_HAL_Driver/Src/stm32f4xx_hal_tim.c" -mcpu=cortex-m4 -std=gnu11 -g3 -DDEBUG -DUSE_HAL_DRIVER -DSTM32F401xE -c -I../Core/Inc -I../Drivers/STM32F4xx_HAL_Driver/Inc -I../Drivers/STM32F4xx_HAL_Driver/Inc/Legacy -I../Drivers/CMSIS/Device/ST/STM32F4xx/Include -I../Drivers/CMSIS/Include -O0 -ffunction-sections -fdata-sections -Wall -fstack-usage -fcyclomatic-complexity -MMD -MP -MF"Drivers/STM32F4xx_HAL_Driver/Src/stm32f4xx_hal_tim.d" -MT"Drivers/STM32F4xx_HAL_Driver/Src/stm32f4xx_hal_tim.o" --specs=nano.specs -mfpu=fpv4-sp-d16 -mfloat-abi=hard -mthumb -o "Drivers/STM32F4xx_HAL_Driver/Src/stm32f4xx_hal_tim.o"
arm-none-eabi-gcc "../Drivers/STM32F4xx_HAL_Driver/Src/stm32f4xx_hal_tim_ex.c" -mcpu=cortex-m4 -std=gnu11 -g3 -DDEBUG -DUSE_HAL_DRIVER -DSTM32F401xE -c -I../Core/Inc -I../Drivers/STM32F4xx_HAL_Driver/Inc -I../Drivers/STM32F4xx_HAL_Driver/Inc/Legacy -I../Drivers/CMSIS/Device/ST/STM32F4xx/Include -I../Drivers/CMSIS/Include -O0 -ffunction-sections -fdata-sections -Wall -fstack-usage -fcyclomatic-complexity -MMD -MP -MF"Drivers/STM32F4xx_HAL_Driver/Src/stm32f4xx_hal_tim_ex.d" -MT"Drivers/STM32F4xx_HAL_Driver/Src/stm32f4xx_hal_tim_ex.o" --specs=nano.specs -mfpu=fpv4-sp-d16 -mfloat-abi=hard -mthumb -o "Drivers/STM32F4xx_HAL_Driver/Src/stm32f4xx_hal_tim_ex.o"
arm-none-eabi-gcc "../Drivers/STM32F4xx_HAL_Driver/Src/stm32f4xx_hal_uart.c" -mcpu=cortex-m4 -std=gnu11 -g3 -DDEBUG -DUSE_HAL_DRIVER -DSTM32F401xE -c -I../Core/Inc -I../Drivers/STM32F4xx_HAL_Driver/Inc -I../Drivers/STM32F4xx_HAL_Driver/Inc/Legacy -I../Drivers/CMSIS/Device/ST/STM32F4xx/Include -I../Drivers/CMSIS/Include -O0 -ffunction-sections -fdata-sections -Wall -fstack-usage -fcyclomatic-complexity -MMD -MP -MF"Drivers/STM32F4xx_HAL_Driver/Src/stm32f4xx_hal_uart.d" -MT"Drivers/STM32F4xx_HAL_Driver/Src/stm32f4xx_hal_uart.o" --specs=nano.specs -mfpu=fpv4-sp-d16 -mfloat-abi=hard -mthumb -o "Drivers/STM32F4xx_HAL_Driver/Src/stm32f4xx_hal_uart.o"
arm-none-eabi-gcc "../Drivers/STM32F4xx_HAL_Driver/Src/stm32f4xx_ll_adc.c" -mcpu=cortex-m4 -std=gnu11 -g3 -DDEBUG -DUSE_HAL_DRIVER -DSTM32F401xE -c -I../Core/Inc -I../Drivers/STM32F4xx_HAL_Driver/Inc -I../Drivers/STM32F4xx_HAL_Driver/Inc/Legacy -I../Drivers/CMSIS/Device/ST/STM32F4xx/Include -I../Drivers/CMSIS/Include -O0 -ffunction-sections -fdata-sections -Wall -fstack-usage -fcyclomatic-complexity -MMD -MP -MF"Drivers/STM32F4xx_HAL_Driver/Src/stm32f4xx_ll_adc.d" -MT"Drivers/STM32F4xx_HAL_Driver/Src/stm32f4xx_ll_adc.o" --specs=nano.specs -mfpu=fpv4-sp-d16 -mfloat-abi=hard -mthumb -o "Drivers/STM32F4xx_HAL_Driver/Src/stm32f4xx_ll_adc.o"
arm-none-eabi-gcc "../Core/Src/main.c" -mcpu=cortex-m4 -std=gnu11 -g3 -DDEBUG -DUSE_HAL_DRIVER -DSTM32F401xE -c -I../Core/Inc -I../Drivers/STM32F4xx_HAL_Driver/Inc -I../Drivers/STM32F4xx_HAL_Driver/Inc/Legacy -I../Drivers/CMSIS/Device/ST/STM32F4xx/Include -I../Drivers/CMSIS/Include -O0 -ffunction-sections -fdata-sections -Wall -fstack-usage -fcyclomatic-complexity -MMD -MP -MF"Core/Src/main.d" -MT"Core/Src/main.o" --specs=nano.specs -mfpu=fpv4-sp-d16 -mfloat-abi=hard -mthumb -o "Core/Src/main.o"
arm-none-eabi-gcc "../Core/Src/stm32f4xx_hal_msp.c" -mcpu=cortex-m4 -std=gnu11 -g3 -DDEBUG -DUSE_HAL_DRIVER -DSTM32F401xE -c -I../Core/Inc -I../Drivers/STM32F4xx_HAL_Driver/Inc -I../Drivers/STM32F4xx_HAL_Driver/Inc/Legacy -I../Drivers/CMSIS/Device/ST/STM32F4xx/Include -I../Drivers/CMSIS/Include -O0 -ffunction-sections -fdata-sections -Wall -fstack-usage -fcyclomatic-complexity -MMD -MP -MF"Core/Src/stm32f4xx_hal_msp.d" -MT"Core/Src/stm32f4xx_hal_msp.o" --specs=nano.specs -mfpu=fpv4-sp-d16 -mfloat-abi=hard -mthumb -o "Core/Src/stm32f4xx_hal_msp.o"
arm-none-eabi-gcc "../Core/Src/stm32f4xx_it.c" -mcpu=cortex-m4 -std=gnu11 -g3 -DDEBUG -DUSE_HAL_DRIVER -DSTM32F401xE -c -I../Core/Inc -I../Drivers/STM32F4xx_HAL_Driver/Inc -I../Drivers/STM32F4xx_HAL_Driver/Inc/Legacy -I../Drivers/CMSIS/Device/ST/STM32F4xx/Include -I../Drivers/CMSIS/Include -O0 -ffunction-sections -fdata-sections -Wall -fstack-usage -fcyclomatic-complexity -MMD -MP -MF"Core/Src/stm32f4xx_it.d" -MT"Core/Src/stm32f4xx_it.o" --specs=nano.specs -mfpu=fpv4-sp-d16 -mfloat-abi=hard -mthumb -o "Core/Src/stm32f4xx_it.o"
arm-none-eabi-gcc "../Core/Src/system_stm32f4xx.c" -mcpu=cortex-m4 -std=gnu11 -g3 -DDEBUG -DUSE_HAL_DRIVER -DSTM32F401xE -c -I../Core/Inc -I../Drivers/STM32F4xx_HAL_Driver/Inc -I../Drivers/STM32F4xx_HAL_Driver/Inc/Legacy -I../Drivers/CMSIS/Device/ST/STM32F4xx/Include -I../Drivers/CMSIS/Include -O0 -ffunction-sections -fdata-sections -Wall -fstack-usage -fcyclomatic-complexity -MMD -MP -MF"Core/Src/system_stm32f4xx.d" -MT"Core/Src/system_stm32f4xx.o" --specs=nano.specs -mfpu=fpv4-sp-d16 -mfloat-abi=hard -mthumb -o "Core/Src/system_stm32f4xx.o"
../Core/Src/main.c: In function 'main':
../Core/Src/main.c:127:38: warning: passing argument 2 of 'HAL_UART_Transmit' from incompatible pointer type [-Wincompatible-pointer-types]
  127 |           HAL_UART_Transmit(&huart2, (uint32_t *)adcValue, sizeof(adcValue), 1000);
      |                                      ^~~~~~~~~~~~~~~~~~~~
      |                                      |
      |                                      uint32_t * {aka long unsigned int *}
In file included from ../Core/Inc/stm32f4xx_hal_conf.h:411,
                 from ../Drivers/STM32F4xx_HAL_Driver/Inc/stm32f4xx_hal.h:29,
                 from ../Core/Inc/main.h:30,
                 from ../Core/Src/main.c:20:
../Drivers/STM32F4xx_HAL_Driver/Inc/stm32f4xx_hal_uart.h:745:79: note: expected 'const uint8_t *' {aka 'const unsigned char *'} but argument is of type 'uint32_t *' {aka 'long unsigned int *'}
  745 | HAL_StatusTypeDef HAL_UART_Transmit(UART_HandleTypeDef *huart, const uint8_t *pData, uint16_t Size, uint32_t Timeout);
      |                                                                ~~~~~~~~~~~~~~~^~~~~
../Core/Src/main.c:181:11: warning: implicit declaration of function 'controlBothMotors' [-Wimplicit-function-declaration]
  181 |           controlBothMotors(motor1Direction, motor2Direction);
      |           ^~~~~~~~~~~~~~~~~
../Core/Src/main.c:118:15: warning: variable 'tdsValue' set but not used [-Wunused-but-set-variable]
  118 |           int tdsValue;
      |               ^~~~~~~~
../Core/Src/main.c:91:23: warning: unused variable 'motor2Direction' [-Wunused-variable]
   91 |   int motor1Direction,motor2Direction;
      |                       ^~~~~~~~~~~~~~~
../Core/Src/main.c:91:7: warning: unused variable 'motor1Direction' [-Wunused-variable]
   91 |   int motor1Direction,motor2Direction;
      |       ^~~~~~~~~~~~~~~
../Core/Src/main.c:90:11: warning: unused variable 'rxData' [-Wunused-variable]
   90 |   uint8_t rxData[2]; // Store received data
      |           ^~~~~~
../Core/Src/main.c:89:11: warning: variable 'txData' set but not used [-Wunused-but-set-variable]
   89 |   uint8_t txData[2]; // Data to transmit
      |           ^~~~~~
../Core/Src/main.c: At top level:
../Core/Src/main.c:411:6: warning: conflicting types for 'controlBothMotors'; have 'void(int,  int)'
  411 | void controlBothMotors(int motor1Direction, int motor2Direction)
      |      ^~~~~~~~~~~~~~~~~
../Core/Src/main.c:181:11: note: previous implicit declaration of 'controlBothMotors' with type 'void(int,  int)'
  181 |           controlBothMotors(motor1Direction, motor2Direction);
      |           ^~~~~~~~~~~~~~~~~
arm-none-eabi-gcc -o "CommunicationSlave.elf" @"objects.list"   -mcpu=cortex-m4 -T"C:\Users\BillL\Desktop\ECE-198-project-main\ECE-198-project-main\Communication\CommunicationSlave\STM32F401RETX_FLASH.ld" --specs=nosys.specs -Wl,-Map="CommunicationSlave.map" -Wl,--gc-sections -static --specs=nano.specs -mfpu=fpv4-sp-d16 -mfloat-abi=hard -mthumb -Wl,--start-group -lc -lm -Wl,--end-group
Finished building target: CommunicationSlave.elf
 
arm-none-eabi-size  CommunicationSlave.elf 
arm-none-eabi-objdump -h -S CommunicationSlave.elf  > "CommunicationSlave.list"
   text	   data	    bss	    dec	    hex	filename
  13876	     12	   1804	  15692	   3d4c	CommunicationSlave.elf
Finished building: default.size.stdout
 
Finished building: CommunicationSlave.list
 
17:02:21 **** Incremental Build of configuration Debug for project CommunicationSlave ****
make -j32 all 
arm-none-eabi-gcc "../Core/Src/main.c" -mcpu=cortex-m4 -std=gnu11 -g3 -DDEBUG -DUSE_HAL_DRIVER -DSTM32F401xE -c -I../Core/Inc -I../Drivers/STM32F4xx_HAL_Driver/Inc -I../Drivers/STM32F4xx_HAL_Driver/Inc/Legacy -I../Drivers/CMSIS/Device/ST/STM32F4xx/Include -I../Drivers/CMSIS/Include -O0 -ffunction-sections -fdata-sections -Wall -fstack-usage -fcyclomatic-complexity -MMD -MP -MF"Core/Src/main.d" -MT"Core/Src/main.o" --specs=nano.specs -mfpu=fpv4-sp-d16 -mfloat-abi=hard -mthumb -o "Core/Src/main.o"
../Core/Src/main.c: In function 'main':
../Core/Src/main.c:128:38: warning: passing argument 2 of 'HAL_UART_Transmit' from incompatible pointer type [-Wincompatible-pointer-types]
  128 |           HAL_UART_Transmit(&huart2, (uint32_t *)adcValue, sizeof(adcValue), 1000);
      |                                      ^~~~~~~~~~~~~~~~~~~~
      |                                      |
      |                                      uint32_t * {aka long unsigned int *}
In file included from ../Core/Inc/stm32f4xx_hal_conf.h:411,
                 from ../Drivers/STM32F4xx_HAL_Driver/Inc/stm32f4xx_hal.h:29,
                 from ../Core/Inc/main.h:30,
                 from ../Core/Src/main.c:20:
../Drivers/STM32F4xx_HAL_Driver/Inc/stm32f4xx_hal_uart.h:745:79: note: expected 'const uint8_t *' {aka 'const unsigned char *'} but argument is of type 'uint32_t *' {aka 'long unsigned int *'}
  745 | HAL_StatusTypeDef HAL_UART_Transmit(UART_HandleTypeDef *huart, const uint8_t *pData, uint16_t Size, uint32_t Timeout);
      |                                                                ~~~~~~~~~~~~~~~^~~~~
../Core/Src/main.c:182:11: warning: implicit declaration of function 'controlBothMotors' [-Wimplicit-function-declaration]
  182 |           controlBothMotors(motor1Direction, motor2Direction);
      |           ^~~~~~~~~~~~~~~~~
../Core/Src/main.c:119:15: warning: variable 'tdsValue' set but not used [-Wunused-but-set-variable]
  119 |           int tdsValue;
      |               ^~~~~~~~
../Core/Src/main.c:91:23: warning: unused variable 'motor2Direction' [-Wunused-variable]
   91 |   int motor1Direction,motor2Direction;
      |                       ^~~~~~~~~~~~~~~
../Core/Src/main.c:91:7: warning: unused variable 'motor1Direction' [-Wunused-variable]
   91 |   int motor1Direction,motor2Direction;
      |       ^~~~~~~~~~~~~~~
../Core/Src/main.c:90:11: warning: unused variable 'rxData' [-Wunused-variable]
   90 |   uint8_t rxData[2]; // Store received data
      |           ^~~~~~
../Core/Src/main.c:89:11: warning: variable 'txData' set but not used [-Wunused-but-set-variable]
   89 |   uint8_t txData[2]; // Data to transmit
      |           ^~~~~~
../Core/Src/main.c: At top level:
../Core/Src/main.c:412:6: warning: conflicting types for 'controlBothMotors'; have 'void(int,  int)'
  412 | void controlBothMotors(int motor1Direction, int motor2Direction)
      |      ^~~~~~~~~~~~~~~~~
../Core/Src/main.c:182:11: note: previous implicit declaration of 'controlBothMotors' with type 'void(int,  int)'
  182 |           controlBothMotors(motor1Direction, motor2Direction);
      |           ^~~~~~~~~~~~~~~~~
arm-none-eabi-gcc -o "CommunicationSlave.elf" @"objects.list"   -mcpu=cortex-m4 -T"C:\Users\BillL\Desktop\ECE-198-project-main\ECE-198-project-main\Communication\CommunicationSlave\STM32F401RETX_FLASH.ld" --specs=nosys.specs -Wl,-Map="CommunicationSlave.map" -Wl,--gc-sections -static --specs=nano.specs -mfpu=fpv4-sp-d16 -mfloat-abi=hard -mthumb -Wl,--start-group -lc -lm -Wl,--end-group
Finished building target: CommunicationSlave.elf
 
arm-none-eabi-size  CommunicationSlave.elf 
arm-none-eabi-objdump -h -S CommunicationSlave.elf  > "CommunicationSlave.list"
   text	   data	    bss	    dec	    hex	filename
  13884	     12	   1804	  15700	   3d54	CommunicationSlave.elf
Finished building: default.size.stdout
 
Finished building: CommunicationSlave.list
 
17:03:24 **** Incremental Build of configuration Debug for project CommunicationSlave ****
make -j32 all 
arm-none-eabi-gcc "../Core/Src/main.c" -mcpu=cortex-m4 -std=gnu11 -g3 -DDEBUG -DUSE_HAL_DRIVER -DSTM32F401xE -c -I../Core/Inc -I../Drivers/STM32F4xx_HAL_Driver/Inc -I../Drivers/STM32F4xx_HAL_Driver/Inc/Legacy -I../Drivers/CMSIS/Device/ST/STM32F4xx/Include -I../Drivers/CMSIS/Include -O0 -ffunction-sections -fdata-sections -Wall -fstack-usage -fcyclomatic-complexity -MMD -MP -MF"Core/Src/main.d" -MT"Core/Src/main.o" --specs=nano.specs -mfpu=fpv4-sp-d16 -mfloat-abi=hard -mthumb -o "Core/Src/main.o"
../Core/Src/main.c: In function 'main':
../Core/Src/main.c:129:38: warning: passing argument 2 of 'HAL_UART_Transmit' from incompatible pointer type [-Wincompatible-pointer-types]
  129 |           HAL_UART_Transmit(&huart2, (uint32_t *)adcValue, sizeof(adcValue), 1000);
      |                                      ^~~~~~~~~~~~~~~~~~~~
      |                                      |
      |                                      uint32_t * {aka long unsigned int *}
In file included from ../Core/Inc/stm32f4xx_hal_conf.h:411,
                 from ../Drivers/STM32F4xx_HAL_Driver/Inc/stm32f4xx_hal.h:29,
                 from ../Core/Inc/main.h:30,
                 from ../Core/Src/main.c:20:
../Drivers/STM32F4xx_HAL_Driver/Inc/stm32f4xx_hal_uart.h:745:79: note: expected 'const uint8_t *' {aka 'const unsigned char *'} but argument is of type 'uint32_t *' {aka 'long unsigned int *'}
  745 | HAL_StatusTypeDef HAL_UART_Transmit(UART_HandleTypeDef *huart, const uint8_t *pData, uint16_t Size, uint32_t Timeout);
      |                                                                ~~~~~~~~~~~~~~~^~~~~
../Core/Src/main.c:183:11: warning: implicit declaration of function 'controlBothMotors' [-Wimplicit-function-declaration]
  183 |           controlBothMotors(motor1Direction, motor2Direction);
      |           ^~~~~~~~~~~~~~~~~
../Core/Src/main.c:119:15: warning: variable 'tdsValue' set but not used [-Wunused-but-set-variable]
  119 |           int tdsValue;
      |               ^~~~~~~~
../Core/Src/main.c:91:23: warning: unused variable 'motor2Direction' [-Wunused-variable]
   91 |   int motor1Direction,motor2Direction;
      |                       ^~~~~~~~~~~~~~~
../Core/Src/main.c:91:7: warning: unused variable 'motor1Direction' [-Wunused-variable]
   91 |   int motor1Direction,motor2Direction;
      |       ^~~~~~~~~~~~~~~
../Core/Src/main.c:90:11: warning: unused variable 'rxData' [-Wunused-variable]
   90 |   uint8_t rxData[2]; // Store received data
      |           ^~~~~~
../Core/Src/main.c:89:11: warning: variable 'txData' set but not used [-Wunused-but-set-variable]
   89 |   uint8_t txData[2]; // Data to transmit
      |           ^~~~~~
../Core/Src/main.c: At top level:
../Core/Src/main.c:413:6: warning: conflicting types for 'controlBothMotors'; have 'void(int,  int)'
  413 | void controlBothMotors(int motor1Direction, int motor2Direction)
      |      ^~~~~~~~~~~~~~~~~
../Core/Src/main.c:183:11: note: previous implicit declaration of 'controlBothMotors' with type 'void(int,  int)'
  183 |           controlBothMotors(motor1Direction, motor2Direction);
      |           ^~~~~~~~~~~~~~~~~
arm-none-eabi-gcc -o "CommunicationSlave.elf" @"objects.list"   -mcpu=cortex-m4 -T"C:\Users\BillL\Desktop\ECE-198-project-main\ECE-198-project-main\Communication\CommunicationSlave\STM32F401RETX_FLASH.ld" --specs=nosys.specs -Wl,-Map="CommunicationSlave.map" -Wl,--gc-sections -static --specs=nano.specs -mfpu=fpv4-sp-d16 -mfloat-abi=hard -mthumb -Wl,--start-group -lc -lm -Wl,--end-group
Finished building target: CommunicationSlave.elf
 
arm-none-eabi-size  CommunicationSlave.elf 
arm-none-eabi-objdump -h -S CommunicationSlave.elf  > "CommunicationSlave.list"
   text	   data	    bss	    dec	    hex	filename
  14168	     12	   1804	  15984	   3e70	CommunicationSlave.elf
Finished building: default.size.stdout
 
Finished building: CommunicationSlave.list
 
17:04:41 **** Incremental Build of configuration Debug for project CommunicationSlave ****
make -j32 all 
arm-none-eabi-gcc "../Core/Src/main.c" -mcpu=cortex-m4 -std=gnu11 -g3 -DDEBUG -DUSE_HAL_DRIVER -DSTM32F401xE -c -I../Core/Inc -I../Drivers/STM32F4xx_HAL_Driver/Inc -I../Drivers/STM32F4xx_HAL_Driver/Inc/Legacy -I../Drivers/CMSIS/Device/ST/STM32F4xx/Include -I../Drivers/CMSIS/Include -O0 -ffunction-sections -fdata-sections -Wall -fstack-usage -fcyclomatic-complexity -MMD -MP -MF"Core/Src/main.d" -MT"Core/Src/main.o" --specs=nano.specs -mfpu=fpv4-sp-d16 -mfloat-abi=hard -mthumb -o "Core/Src/main.o"
../Core/Src/main.c: In function 'main':
../Core/Src/main.c:128:21: warning: integer constant is too large for its type
  128 |           tdsValue =5555555555555555555555555555555555555555555555555555555555555555555555555555555555555 (voltage * 1000) / 2; // Example conversion formula
      |                     ^~~~~~~~~~~~~~~~~~~~~~~~~~~~~~~~~~~~~~~~~~~~~~~~~~~~~~~~~~~~~~~~~~~~~~~~~~~~~~~~~~~~~
../Core/Src/main.c:128:21: error: called object is not a function or function pointer
../Core/Src/main.c:129:38: warning: passing argument 2 of 'HAL_UART_Transmit' from incompatible pointer type [-Wincompatible-pointer-types]
  129 |           HAL_UART_Transmit(&huart2, (uint32_t *)adcValue, sizeof(adcValue), 1000);
      |                                      ^~~~~~~~~~~~~~~~~~~~
      |                                      |
      |                                      uint32_t * {aka long unsigned int *}
In file included from ../Core/Inc/stm32f4xx_hal_conf.h:411,
                 from ../Drivers/STM32F4xx_HAL_Driver/Inc/stm32f4xx_hal.h:29,
                 from ../Core/Inc/main.h:30,
                 from ../Core/Src/main.c:20:
../Drivers/STM32F4xx_HAL_Driver/Inc/stm32f4xx_hal_uart.h:745:79: note: expected 'const uint8_t *' {aka 'const unsigned char *'} but argument is of type 'uint32_t *' {aka 'long unsigned int *'}
  745 | HAL_StatusTypeDef HAL_UART_Transmit(UART_HandleTypeDef *huart, const uint8_t *pData, uint16_t Size, uint32_t Timeout);
      |                                                                ~~~~~~~~~~~~~~~^~~~~
../Core/Src/main.c:183:11: warning: implicit declaration of function 'controlBothMotors' [-Wimplicit-function-declaration]
  183 |           controlBothMotors(motor1Direction, motor2Direction);
      |           ^~~~~~~~~~~~~~~~~
../Core/Src/main.c:119:15: warning: variable 'tdsValue' set but not used [-Wunused-but-set-variable]
  119 |           int tdsValue;
      |               ^~~~~~~~
../Core/Src/main.c:91:23: warning: unused variable 'motor2Direction' [-Wunused-variable]
   91 |   int motor1Direction,motor2Direction;
      |                       ^~~~~~~~~~~~~~~
../Core/Src/main.c:91:7: warning: unused variable 'motor1Direction' [-Wunused-variable]
   91 |   int motor1Direction,motor2Direction;
      |       ^~~~~~~~~~~~~~~
../Core/Src/main.c:90:11: warning: unused variable 'rxData' [-Wunused-variable]
   90 |   uint8_t rxData[2]; // Store received data
      |           ^~~~~~
../Core/Src/main.c:89:11: warning: variable 'txData' set but not used [-Wunused-but-set-variable]
   89 |   uint8_t txData[2]; // Data to transmit
      |           ^~~~~~
../Core/Src/main.c: At top level:
../Core/Src/main.c:413:6: warning: conflicting types for 'controlBothMotors'; have 'void(int,  int)'
  413 | void controlBothMotors(int motor1Direction, int motor2Direction)
      |      ^~~~~~~~~~~~~~~~~
../Core/Src/main.c:183:11: note: previous implicit declaration of 'controlBothMotors' with type 'void(int,  int)'
  183 |           controlBothMotors(motor1Direction, motor2Direction);
      |           ^~~~~~~~~~~~~~~~~
make: *** [Core/Src/subdir.mk:34: Core/Src/main.o] Error 1
"make -j32 all" terminated with exit code 2. Build might be incomplete.
17:04:49 **** Incremental Build of configuration Debug for project CommunicationSlave ****
make -j32 all 
arm-none-eabi-gcc "../Core/Src/main.c" -mcpu=cortex-m4 -std=gnu11 -g3 -DDEBUG -DUSE_HAL_DRIVER -DSTM32F401xE -c -I../Core/Inc -I../Drivers/STM32F4xx_HAL_Driver/Inc -I../Drivers/STM32F4xx_HAL_Driver/Inc/Legacy -I../Drivers/CMSIS/Device/ST/STM32F4xx/Include -I../Drivers/CMSIS/Include -O0 -ffunction-sections -fdata-sections -Wall -fstack-usage -fcyclomatic-complexity -MMD -MP -MF"Core/Src/main.d" -MT"Core/Src/main.o" --specs=nano.specs -mfpu=fpv4-sp-d16 -mfloat-abi=hard -mthumb -o "Core/Src/main.o"
../Core/Src/main.c: In function 'main':
../Core/Src/main.c:129:38: warning: passing argument 2 of 'HAL_UART_Transmit' from incompatible pointer type [-Wincompatible-pointer-types]
  129 |           HAL_UART_Transmit(&huart2, (uint32_t *)adcValue, sizeof(adcValue), 1000);
      |                                      ^~~~~~~~~~~~~~~~~~~~
      |                                      |
      |                                      uint32_t * {aka long unsigned int *}
In file included from ../Core/Inc/stm32f4xx_hal_conf.h:411,
                 from ../Drivers/STM32F4xx_HAL_Driver/Inc/stm32f4xx_hal.h:29,
                 from ../Core/Inc/main.h:30,
                 from ../Core/Src/main.c:20:
../Drivers/STM32F4xx_HAL_Driver/Inc/stm32f4xx_hal_uart.h:745:79: note: expected 'const uint8_t *' {aka 'const unsigned char *'} but argument is of type 'uint32_t *' {aka 'long unsigned int *'}
  745 | HAL_StatusTypeDef HAL_UART_Transmit(UART_HandleTypeDef *huart, const uint8_t *pData, uint16_t Size, uint32_t Timeout);
      |                                                                ~~~~~~~~~~~~~~~^~~~~
../Core/Src/main.c:183:11: warning: implicit declaration of function 'controlBothMotors' [-Wimplicit-function-declaration]
  183 |           controlBothMotors(motor1Direction, motor2Direction);
      |           ^~~~~~~~~~~~~~~~~
../Core/Src/main.c:119:15: warning: variable 'tdsValue' set but not used [-Wunused-but-set-variable]
  119 |           int tdsValue;
      |               ^~~~~~~~
../Core/Src/main.c:91:23: warning: unused variable 'motor2Direction' [-Wunused-variable]
   91 |   int motor1Direction,motor2Direction;
      |                       ^~~~~~~~~~~~~~~
../Core/Src/main.c:91:7: warning: unused variable 'motor1Direction' [-Wunused-variable]
   91 |   int motor1Direction,motor2Direction;
      |       ^~~~~~~~~~~~~~~
../Core/Src/main.c:90:11: warning: unused variable 'rxData' [-Wunused-variable]
   90 |   uint8_t rxData[2]; // Store received data
      |           ^~~~~~
../Core/Src/main.c:89:11: warning: variable 'txData' set but not used [-Wunused-but-set-variable]
   89 |   uint8_t txData[2]; // Data to transmit
      |           ^~~~~~
../Core/Src/main.c: At top level:
../Core/Src/main.c:413:6: warning: conflicting types for 'controlBothMotors'; have 'void(int,  int)'
  413 | void controlBothMotors(int motor1Direction, int motor2Direction)
      |      ^~~~~~~~~~~~~~~~~
../Core/Src/main.c:183:11: note: previous implicit declaration of 'controlBothMotors' with type 'void(int,  int)'
  183 |           controlBothMotors(motor1Direction, motor2Direction);
      |           ^~~~~~~~~~~~~~~~~
arm-none-eabi-gcc -o "CommunicationSlave.elf" @"objects.list"   -mcpu=cortex-m4 -T"C:\Users\BillL\Desktop\ECE-198-project-main\ECE-198-project-main\Communication\CommunicationSlave\STM32F401RETX_FLASH.ld" --specs=nosys.specs -Wl,-Map="CommunicationSlave.map" -Wl,--gc-sections -static --specs=nano.specs -mfpu=fpv4-sp-d16 -mfloat-abi=hard -mthumb -Wl,--start-group -lc -lm -Wl,--end-group
Finished building target: CommunicationSlave.elf
 
arm-none-eabi-size  CommunicationSlave.elf 
arm-none-eabi-objdump -h -S CommunicationSlave.elf  > "CommunicationSlave.list"
   text	   data	    bss	    dec	    hex	filename
  14168	     12	   1804	  15984	   3e70	CommunicationSlave.elf
Finished building: default.size.stdout
 
Finished building: CommunicationSlave.list
 
17:09:24 **** Incremental Build of configuration Debug for project CommunicationSlave ****
make -j32 all 
arm-none-eabi-gcc "../Core/Src/main.c" -mcpu=cortex-m4 -std=gnu11 -g3 -DDEBUG -DUSE_HAL_DRIVER -DSTM32F401xE -c -I../Core/Inc -I../Drivers/STM32F4xx_HAL_Driver/Inc -I../Drivers/STM32F4xx_HAL_Driver/Inc/Legacy -I../Drivers/CMSIS/Device/ST/STM32F4xx/Include -I../Drivers/CMSIS/Include -O0 -ffunction-sections -fdata-sections -Wall -fstack-usage -fcyclomatic-complexity -MMD -MP -MF"Core/Src/main.d" -MT"Core/Src/main.o" --specs=nano.specs -mfpu=fpv4-sp-d16 -mfloat-abi=hard -mthumb -o "Core/Src/main.o"
../Core/Src/main.c: In function 'main':
../Core/Src/main.c:143:7: error: 'motor1Direction' undeclared (first use in this function)
  143 |       motor1Direction = (int8_t)rxData[0]; // Convert to signed value
      |       ^~~~~~~~~~~~~~~
../Core/Src/main.c:143:7: note: each undeclared identifier is reported only once for each function it appears in
../Core/Src/main.c:144:7: error: 'motor2Direction' undeclared (first use in this function)
  144 |       motor2Direction = (int8_t)rxData[1];
      |       ^~~~~~~~~~~~~~~
../Core/Src/main.c:151:11: warning: implicit declaration of function 'controlBothMotors' [-Wimplicit-function-declaration]
  151 |           controlBothMotors(motor1Direction, motor2Direction);
      |           ^~~~~~~~~~~~~~~~~
../Core/Src/main.c:155:11: warning: implicit declaration of function 'snprintf' [-Wimplicit-function-declaration]
  155 |           snprintf(buffer, sizeof(buffer), "Sent: %d, Received: %d\r\n", tdsValue, receivedValue);
      |           ^~~~~~~~
../Core/Src/main.c:21:1: note: include '<stdio.h>' or provide a declaration of 'snprintf'
   20 | #include "main.h"
  +++ |+#include <stdio.h>
   21 | 
../Core/Src/main.c:155:11: warning: incompatible implicit declaration of built-in function 'snprintf' [-Wbuiltin-declaration-mismatch]
  155 |           snprintf(buffer, sizeof(buffer), "Sent: %d, Received: %d\r\n", tdsValue, receivedValue);
      |           ^~~~~~~~
../Core/Src/main.c:155:11: note: include '<stdio.h>' or provide a declaration of 'snprintf'
../Core/Src/main.c:156:57: warning: implicit declaration of function 'strlen' [-Wimplicit-function-declaration]
  156 |           HAL_UART_Transmit(&huart2, (uint8_t *)buffer, strlen(buffer), HAL_MAX_DELAY);
      |                                                         ^~~~~~
../Core/Src/main.c:21:1: note: include '<string.h>' or provide a declaration of 'strlen'
   20 | #include "main.h"
  +++ |+#include <string.h>
   21 | 
../Core/Src/main.c:156:57: warning: incompatible implicit declaration of built-in function 'strlen' [-Wbuiltin-declaration-mismatch]
  156 |           HAL_UART_Transmit(&huart2, (uint8_t *)buffer, strlen(buffer), HAL_MAX_DELAY);
      |                                                         ^~~~~~
../Core/Src/main.c:156:57: note: include '<string.h>' or provide a declaration of 'strlen'
../Core/Src/main.c:90:11: warning: unused variable 'rxData' [-Wunused-variable]
   90 |   uint8_t rxData[2]; // Store received data
      |           ^~~~~~
../Core/Src/main.c:89:11: warning: unused variable 'txData' [-Wunused-variable]
   89 |   uint8_t txData[2]; // Data to transmit
      |           ^~~~~~
../Core/Src/main.c: At top level:
../Core/Src/main.c:381:6: warning: conflicting types for 'controlBothMotors'; have 'void(int,  int)'
  381 | void controlBothMotors(int motor1Direction, int motor2Direction)
      |      ^~~~~~~~~~~~~~~~~
../Core/Src/main.c:151:11: note: previous implicit declaration of 'controlBothMotors' with type 'void(int,  int)'
  151 |           controlBothMotors(motor1Direction, motor2Direction);
      |           ^~~~~~~~~~~~~~~~~
make: *** [Core/Src/subdir.mk:34: Core/Src/main.o] Error 1
"make -j32 all" terminated with exit code 2. Build might be incomplete.
17:09:44 **** Incremental Build of configuration Debug for project CommunicationSlave ****
make -j32 all 
arm-none-eabi-gcc "../Core/Src/main.c" -mcpu=cortex-m4 -std=gnu11 -g3 -DDEBUG -DUSE_HAL_DRIVER -DSTM32F401xE -c -I../Core/Inc -I../Drivers/STM32F4xx_HAL_Driver/Inc -I../Drivers/STM32F4xx_HAL_Driver/Inc/Legacy -I../Drivers/CMSIS/Device/ST/STM32F4xx/Include -I../Drivers/CMSIS/Include -O0 -ffunction-sections -fdata-sections -Wall -fstack-usage -fcyclomatic-complexity -MMD -MP -MF"Core/Src/main.d" -MT"Core/Src/main.o" --specs=nano.specs -mfpu=fpv4-sp-d16 -mfloat-abi=hard -mthumb -o "Core/Src/main.o"
../Core/Src/main.c: In function 'main':
../Core/Src/main.c:154:11: warning: implicit declaration of function 'controlBothMotors' [-Wimplicit-function-declaration]
  154 |           controlBothMotors(motor1Direction, motor2Direction);
      |           ^~~~~~~~~~~~~~~~~
../Core/Src/main.c:158:11: warning: implicit declaration of function 'snprintf' [-Wimplicit-function-declaration]
  158 |           snprintf(buffer, sizeof(buffer), "Sent: %d, Received: %d\r\n", tdsValue, receivedValue);
      |           ^~~~~~~~
../Core/Src/main.c:21:1: note: include '<stdio.h>' or provide a declaration of 'snprintf'
   20 | #include "main.h"
  +++ |+#include <stdio.h>
   21 | 
../Core/Src/main.c:158:11: warning: incompatible implicit declaration of built-in function 'snprintf' [-Wbuiltin-declaration-mismatch]
  158 |           snprintf(buffer, sizeof(buffer), "Sent: %d, Received: %d\r\n", tdsValue, receivedValue);
      |           ^~~~~~~~
../Core/Src/main.c:158:11: note: include '<stdio.h>' or provide a declaration of 'snprintf'
../Core/Src/main.c:159:57: warning: implicit declaration of function 'strlen' [-Wimplicit-function-declaration]
  159 |           HAL_UART_Transmit(&huart2, (uint8_t *)buffer, strlen(buffer), HAL_MAX_DELAY);
      |                                                         ^~~~~~
../Core/Src/main.c:21:1: note: include '<string.h>' or provide a declaration of 'strlen'
   20 | #include "main.h"
  +++ |+#include <string.h>
   21 | 
../Core/Src/main.c:159:57: warning: incompatible implicit declaration of built-in function 'strlen' [-Wbuiltin-declaration-mismatch]
  159 |           HAL_UART_Transmit(&huart2, (uint8_t *)buffer, strlen(buffer), HAL_MAX_DELAY);
      |                                                         ^~~~~~
../Core/Src/main.c:159:57: note: include '<string.h>' or provide a declaration of 'strlen'
../Core/Src/main.c:90:11: warning: unused variable 'rxData' [-Wunused-variable]
   90 |   uint8_t rxData[2]; // Store received data
      |           ^~~~~~
../Core/Src/main.c:89:11: warning: unused variable 'txData' [-Wunused-variable]
   89 |   uint8_t txData[2]; // Data to transmit
      |           ^~~~~~
../Core/Src/main.c: At top level:
../Core/Src/main.c:384:6: warning: conflicting types for 'controlBothMotors'; have 'void(int,  int)'
  384 | void controlBothMotors(int motor1Direction, int motor2Direction)
      |      ^~~~~~~~~~~~~~~~~
../Core/Src/main.c:154:11: note: previous implicit declaration of 'controlBothMotors' with type 'void(int,  int)'
  154 |           controlBothMotors(motor1Direction, motor2Direction);
      |           ^~~~~~~~~~~~~~~~~
arm-none-eabi-gcc -o "CommunicationSlave.elf" @"objects.list"   -mcpu=cortex-m4 -T"C:\Users\BillL\Desktop\ECE-198-project-main\ECE-198-project-main\Communication\CommunicationSlave\STM32F401RETX_FLASH.ld" --specs=nosys.specs -Wl,-Map="CommunicationSlave.map" -Wl,--gc-sections -static --specs=nano.specs -mfpu=fpv4-sp-d16 -mfloat-abi=hard -mthumb -Wl,--start-group -lc -lm -Wl,--end-group
Finished building target: CommunicationSlave.elf
 
arm-none-eabi-size  CommunicationSlave.elf 
arm-none-eabi-objdump -h -S CommunicationSlave.elf  > "CommunicationSlave.list"
   text	   data	    bss	    dec	    hex	filename
  17776	     92	   2132	  20000	   4e20	CommunicationSlave.elf
Finished building: default.size.stdout
 
Finished building: CommunicationSlave.list
 
17:10:05 **** Incremental Build of configuration Debug for project CommunicationSlave ****
make -j32 all 
arm-none-eabi-size  CommunicationSlave.elf 
   text	   data	    bss	    dec	    hex	filename
  17776	     92	   2132	  20000	   4e20	CommunicationSlave.elf
Finished building: default.size.stdout
 
17:10:32 **** Incremental Build of configuration Debug for project CommunicationMaster ****
make -j32 all 
arm-none-eabi-gcc "../Drivers/STM32F4xx_HAL_Driver/Src/stm32f4xx_hal.c" -mcpu=cortex-m4 -std=gnu11 -g3 -DDEBUG -DUSE_HAL_DRIVER -DSTM32F401xE -c -I../Core/Inc -I../Drivers/STM32F4xx_HAL_Driver/Inc -I../Drivers/STM32F4xx_HAL_Driver/Inc/Legacy -I../Drivers/CMSIS/Device/ST/STM32F4xx/Include -I../Drivers/CMSIS/Include -O0 -ffunction-sections -fdata-sections -Wall -fstack-usage -fcyclomatic-complexity -MMD -MP -MF"Drivers/STM32F4xx_HAL_Driver/Src/stm32f4xx_hal.d" -MT"Drivers/STM32F4xx_HAL_Driver/Src/stm32f4xx_hal.o" --specs=nano.specs -mfpu=fpv4-sp-d16 -mfloat-abi=hard -mthumb -o "Drivers/STM32F4xx_HAL_Driver/Src/stm32f4xx_hal.o"
arm-none-eabi-gcc "../Drivers/STM32F4xx_HAL_Driver/Src/stm32f4xx_hal_cortex.c" -mcpu=cortex-m4 -std=gnu11 -g3 -DDEBUG -DUSE_HAL_DRIVER -DSTM32F401xE -c -I../Core/Inc -I../Drivers/STM32F4xx_HAL_Driver/Inc -I../Drivers/STM32F4xx_HAL_Driver/Inc/Legacy -I../Drivers/CMSIS/Device/ST/STM32F4xx/Include -I../Drivers/CMSIS/Include -O0 -ffunction-sections -fdata-sections -Wall -fstack-usage -fcyclomatic-complexity -MMD -MP -MF"Drivers/STM32F4xx_HAL_Driver/Src/stm32f4xx_hal_cortex.d" -MT"Drivers/STM32F4xx_HAL_Driver/Src/stm32f4xx_hal_cortex.o" --specs=nano.specs -mfpu=fpv4-sp-d16 -mfloat-abi=hard -mthumb -o "Drivers/STM32F4xx_HAL_Driver/Src/stm32f4xx_hal_cortex.o"
[...]
arm-none-eabi-gcc "../Drivers/STM32F4xx_HAL_Driver/Src/stm32f4xx_hal_tim_ex.c" -mcpu=cortex-m4 -std=gnu11 -g3 -DDEBUG -DUSE_HAL_DRIVER -DSTM32F401xE -c -I../Core/Inc -I../Drivers/STM32F4xx_HAL_Driver/Inc -I../Drivers/STM32F4xx_HAL_Driver/Inc/Legacy -I../Drivers/CMSIS/Device/ST/STM32F4xx/Include -I../Drivers/CMSIS/Include -O0 -ffunction-sections -fdata-sections -Wall -fstack-usage -fcyclomatic-complexity -MMD -MP -MF"Drivers/STM32F4xx_HAL_Driver/Src/stm32f4xx_hal_tim_ex.d" -MT"Drivers/STM32F4xx_HAL_Driver/Src/stm32f4xx_hal_tim_ex.o" --specs=nano.specs -mfpu=fpv4-sp-d16 -mfloat-abi=hard -mthumb -o "Drivers/STM32F4xx_HAL_Driver/Src/stm32f4xx_hal_tim_ex.o"
arm-none-eabi-gcc "../Drivers/STM32F4xx_HAL_Driver/Src/stm32f4xx_hal_uart.c" -mcpu=cortex-m4 -std=gnu11 -g3 -DDEBUG -DUSE_HAL_DRIVER -DSTM32F401xE -c -I../Core/Inc -I../Drivers/STM32F4xx_HAL_Driver/Inc -I../Drivers/STM32F4xx_HAL_Driver/Inc/Legacy -I../Drivers/CMSIS/Device/ST/STM32F4xx/Include -I../Drivers/CMSIS/Include -O0 -ffunction-sections -fdata-sections -Wall -fstack-usage -fcyclomatic-complexity -MMD -MP -MF"Drivers/STM32F4xx_HAL_Driver/Src/stm32f4xx_hal_uart.d" -MT"Drivers/STM32F4xx_HAL_Driver/Src/stm32f4xx_hal_uart.o" --specs=nano.specs -mfpu=fpv4-sp-d16 -mfloat-abi=hard -mthumb -o "Drivers/STM32F4xx_HAL_Driver/Src/stm32f4xx_hal_uart.o"
arm-none-eabi-gcc "../Core/Src/main.c" -mcpu=cortex-m4 -std=gnu11 -g3 -DDEBUG -DUSE_HAL_DRIVER -DSTM32F401xE -c -I../Core/Inc -I../Drivers/STM32F4xx_HAL_Driver/Inc -I../Drivers/STM32F4xx_HAL_Driver/Inc/Legacy -I../Drivers/CMSIS/Device/ST/STM32F4xx/Include -I../Drivers/CMSIS/Include -O0 -ffunction-sections -fdata-sections -Wall -fstack-usage -fcyclomatic-complexity -MMD -MP -MF"Core/Src/main.d" -MT"Core/Src/main.o" --specs=nano.specs -mfpu=fpv4-sp-d16 -mfloat-abi=hard -mthumb -o "Core/Src/main.o"
arm-none-eabi-gcc "../Core/Src/stm32f4xx_hal_msp.c" -mcpu=cortex-m4 -std=gnu11 -g3 -DDEBUG -DUSE_HAL_DRIVER -DSTM32F401xE -c -I../Core/Inc -I../Drivers/STM32F4xx_HAL_Driver/Inc -I../Drivers/STM32F4xx_HAL_Driver/Inc/Legacy -I../Drivers/CMSIS/Device/ST/STM32F4xx/Include -I../Drivers/CMSIS/Include -O0 -ffunction-sections -fdata-sections -Wall -fstack-usage -fcyclomatic-complexity -MMD -MP -MF"Core/Src/stm32f4xx_hal_msp.d" -MT"Core/Src/stm32f4xx_hal_msp.o" --specs=nano.specs -mfpu=fpv4-sp-d16 -mfloat-abi=hard -mthumb -o "Core/Src/stm32f4xx_hal_msp.o"
arm-none-eabi-gcc "../Core/Src/stm32f4xx_it.c" -mcpu=cortex-m4 -std=gnu11 -g3 -DDEBUG -DUSE_HAL_DRIVER -DSTM32F401xE -c -I../Core/Inc -I../Drivers/STM32F4xx_HAL_Driver/Inc -I../Drivers/STM32F4xx_HAL_Driver/Inc/Legacy -I../Drivers/CMSIS/Device/ST/STM32F4xx/Include -I../Drivers/CMSIS/Include -O0 -ffunction-sections -fdata-sections -Wall -fstack-usage -fcyclomatic-complexity -MMD -MP -MF"Core/Src/stm32f4xx_it.d" -MT"Core/Src/stm32f4xx_it.o" --specs=nano.specs -mfpu=fpv4-sp-d16 -mfloat-abi=hard -mthumb -o "Core/Src/stm32f4xx_it.o"
arm-none-eabi-gcc "../Core/Src/system_stm32f4xx.c" -mcpu=cortex-m4 -std=gnu11 -g3 -DDEBUG -DUSE_HAL_DRIVER -DSTM32F401xE -c -I../Core/Inc -I../Drivers/STM32F4xx_HAL_Driver/Inc -I../Drivers/STM32F4xx_HAL_Driver/Inc/Legacy -I../Drivers/CMSIS/Device/ST/STM32F4xx/Include -I../Drivers/CMSIS/Include -O0 -ffunction-sections -fdata-sections -Wall -fstack-usage -fcyclomatic-complexity -MMD -MP -MF"Core/Src/system_stm32f4xx.d" -MT"Core/Src/system_stm32f4xx.o" --specs=nano.specs -mfpu=fpv4-sp-d16 -mfloat-abi=hard -mthumb -o "Core/Src/system_stm32f4xx.o"
arm-none-eabi-gcc -o "CommunicationMaster.elf" @"objects.list"   -mcpu=cortex-m4 -T"C:\Users\BillL\Desktop\ECE-198-project-main\ECE-198-project-main\Communication\CommunicationMaster\STM32F401RETX_FLASH.ld" --specs=nosys.specs -Wl,-Map="CommunicationMaster.map" -Wl,--gc-sections -static --specs=nano.specs -mfpu=fpv4-sp-d16 -mfloat-abi=hard -mthumb -Wl,--start-group -lc -lm -Wl,--end-group
Finished building target: CommunicationMaster.elf
 
arm-none-eabi-size  CommunicationMaster.elf 
arm-none-eabi-objdump -h -S CommunicationMaster.elf  > "CommunicationMaster.list"
   text	   data	    bss	    dec	    hex	filename
  10884	     12	   1732	  12628	   3154	CommunicationMaster.elf
Finished building: default.size.stdout
 
Finished building: CommunicationMaster.list
 
17:13:22 **** Incremental Build of configuration Debug for project CommunicationMaster ****
make -j32 all 
arm-none-eabi-gcc "../Core/Src/main.c" -mcpu=cortex-m4 -std=gnu11 -g3 -DDEBUG -DUSE_HAL_DRIVER -DSTM32F401xE -c -I../Core/Inc -I../Drivers/STM32F4xx_HAL_Driver/Inc -I../Drivers/STM32F4xx_HAL_Driver/Inc/Legacy -I../Drivers/CMSIS/Device/ST/STM32F4xx/Include -I../Drivers/CMSIS/Include -O0 -ffunction-sections -fdata-sections -Wall -fstack-usage -fcyclomatic-complexity -MMD -MP -MF"Core/Src/main.d" -MT"Core/Src/main.o" --specs=nano.specs -mfpu=fpv4-sp-d16 -mfloat-abi=hard -mthumb -o "Core/Src/main.o"
arm-none-eabi-gcc -o "CommunicationMaster.elf" @"objects.list"   -mcpu=cortex-m4 -T"C:\Users\BillL\Desktop\ECE-198-project-main\ECE-198-project-main\Communication\CommunicationMaster\STM32F401RETX_FLASH.ld" --specs=nosys.specs -Wl,-Map="CommunicationMaster.map" -Wl,--gc-sections -static --specs=nano.specs -mfpu=fpv4-sp-d16 -mfloat-abi=hard -mthumb -Wl,--start-group -lc -lm -Wl,--end-group
Finished building target: CommunicationMaster.elf
 
arm-none-eabi-size  CommunicationMaster.elf 
arm-none-eabi-objdump -h -S CommunicationMaster.elf  > "CommunicationMaster.list"
   text	   data	    bss	    dec	    hex	filename
  10860	     12	   1732	  12604	   313c	CommunicationMaster.elf
Finished building: default.size.stdout
 
Finished building: CommunicationMaster.list
 
17:15:36 **** Incremental Build of configuration Debug for project CommunicationMaster ****
make -j32 all 
arm-none-eabi-gcc "../Core/Src/main.c" -mcpu=cortex-m4 -std=gnu11 -g3 -DDEBUG -DUSE_HAL_DRIVER -DSTM32F401xE -c -I../Core/Inc -I../Drivers/STM32F4xx_HAL_Driver/Inc -I../Drivers/STM32F4xx_HAL_Driver/Inc/Legacy -I../Drivers/CMSIS/Device/ST/STM32F4xx/Include -I../Drivers/CMSIS/Include -O0 -ffunction-sections -fdata-sections -Wall -fstack-usage -fcyclomatic-complexity -MMD -MP -MF"Core/Src/main.d" -MT"Core/Src/main.o" --specs=nano.specs -mfpu=fpv4-sp-d16 -mfloat-abi=hard -mthumb -o "Core/Src/main.o"
arm-none-eabi-gcc -o "CommunicationMaster.elf" @"objects.list"   -mcpu=cortex-m4 -T"C:\Users\BillL\Desktop\ECE-198-project-main\ECE-198-project-main\Communication\CommunicationMaster\STM32F401RETX_FLASH.ld" --specs=nosys.specs -Wl,-Map="CommunicationMaster.map" -Wl,--gc-sections -static --specs=nano.specs -mfpu=fpv4-sp-d16 -mfloat-abi=hard -mthumb -Wl,--start-group -lc -lm -Wl,--end-group
Finished building target: CommunicationMaster.elf
 
arm-none-eabi-size  CommunicationMaster.elf 
arm-none-eabi-objdump -h -S CommunicationMaster.elf  > "CommunicationMaster.list"
   text	   data	    bss	    dec	    hex	filename
  10860	     12	   1732	  12604	   313c	CommunicationMaster.elf
Finished building: default.size.stdout
 
Finished building: CommunicationMaster.list
 
17:27:28 **** Incremental Build of configuration Debug for project CommunicationSlave ****
make -j32 all 
arm-none-eabi-gcc "../Core/Src/main.c" -mcpu=cortex-m4 -std=gnu11 -g3 -DDEBUG -DUSE_HAL_DRIVER -DSTM32F401xE -c -I../Core/Inc -I../Drivers/STM32F4xx_HAL_Driver/Inc -I../Drivers/STM32F4xx_HAL_Driver/Inc/Legacy -I../Drivers/CMSIS/Device/ST/STM32F4xx/Include -I../Drivers/CMSIS/Include -O0 -ffunction-sections -fdata-sections -Wall -fstack-usage -fcyclomatic-complexity -MMD -MP -MF"Core/Src/main.d" -MT"Core/Src/main.o" --specs=nano.specs -mfpu=fpv4-sp-d16 -mfloat-abi=hard -mthumb -o "Core/Src/main.o"
../Core/Src/main.c: In function 'main':
../Core/Src/main.c:157:11: warning: implicit declaration of function 'controlBothMotors' [-Wimplicit-function-declaration]
  157 |           controlBothMotors(motor1Direction, motor2Direction);
      |           ^~~~~~~~~~~~~~~~~
../Core/Src/main.c:161:11: warning: implicit declaration of function 'snprintf' [-Wimplicit-function-declaration]
  161 |           snprintf(buffer, sizeof(buffer), "Sent: %d, Received: %d\r\n", tdsValue, receivedValue);
      |           ^~~~~~~~
../Core/Src/main.c:21:1: note: include '<stdio.h>' or provide a declaration of 'snprintf'
   20 | #include "main.h"
  +++ |+#include <stdio.h>
   21 | 
../Core/Src/main.c:161:11: warning: incompatible implicit declaration of built-in function 'snprintf' [-Wbuiltin-declaration-mismatch]
  161 |           snprintf(buffer, sizeof(buffer), "Sent: %d, Received: %d\r\n", tdsValue, receivedValue);
      |           ^~~~~~~~
../Core/Src/main.c:161:11: note: include '<stdio.h>' or provide a declaration of 'snprintf'
../Core/Src/main.c:162:57: warning: implicit declaration of function 'strlen' [-Wimplicit-function-declaration]
  162 |           HAL_UART_Transmit(&huart2, (uint8_t *)buffer, strlen(buffer), HAL_MAX_DELAY);
      |                                                         ^~~~~~
../Core/Src/main.c:21:1: note: include '<string.h>' or provide a declaration of 'strlen'
   20 | #include "main.h"
  +++ |+#include <string.h>
   21 | 
../Core/Src/main.c:162:57: warning: incompatible implicit declaration of built-in function 'strlen' [-Wbuiltin-declaration-mismatch]
  162 |           HAL_UART_Transmit(&huart2, (uint8_t *)buffer, strlen(buffer), HAL_MAX_DELAY);
      |                                                         ^~~~~~
../Core/Src/main.c:162:57: note: include '<string.h>' or provide a declaration of 'strlen'
../Core/Src/main.c:90:11: warning: unused variable 'rxData' [-Wunused-variable]
   90 |   uint8_t rxData[2]; // Store received data
      |           ^~~~~~
../Core/Src/main.c:89:11: warning: unused variable 'txData' [-Wunused-variable]
   89 |   uint8_t txData[2]; // Data to transmit
      |           ^~~~~~
../Core/Src/main.c: At top level:
../Core/Src/main.c:387:6: warning: conflicting types for 'controlBothMotors'; have 'void(int,  int)'
  387 | void controlBothMotors(int motor1Direction, int motor2Direction)
      |      ^~~~~~~~~~~~~~~~~
../Core/Src/main.c:157:11: note: previous implicit declaration of 'controlBothMotors' with type 'void(int,  int)'
  157 |           controlBothMotors(motor1Direction, motor2Direction);
      |           ^~~~~~~~~~~~~~~~~
arm-none-eabi-gcc -o "CommunicationSlave.elf" @"objects.list"   -mcpu=cortex-m4 -T"C:\Users\BillL\Desktop\ECE-198-project-main\ECE-198-project-main\Communication\CommunicationSlave\STM32F401RETX_FLASH.ld" --specs=nosys.specs -Wl,-Map="CommunicationSlave.map" -Wl,--gc-sections -static --specs=nano.specs -mfpu=fpv4-sp-d16 -mfloat-abi=hard -mthumb -Wl,--start-group -lc -lm -Wl,--end-group
Finished building target: CommunicationSlave.elf
 
arm-none-eabi-size  CommunicationSlave.elf 
arm-none-eabi-objdump -h -S CommunicationSlave.elf  > "CommunicationSlave.list"
   text	   data	    bss	    dec	    hex	filename
  17808	     92	   2132	  20032	   4e40	CommunicationSlave.elf
Finished building: default.size.stdout
 
Finished building: CommunicationSlave.list
 
17:29:05 **** Incremental Build of configuration Debug for project CommunicationMaster ****
make -j32 all 
arm-none-eabi-gcc "../Core/Src/main.c" -mcpu=cortex-m4 -std=gnu11 -g3 -DDEBUG -DUSE_HAL_DRIVER -DSTM32F401xE -c -I../Core/Inc -I../Drivers/STM32F4xx_HAL_Driver/Inc -I../Drivers/STM32F4xx_HAL_Driver/Inc/Legacy -I../Drivers/CMSIS/Device/ST/STM32F4xx/Include -I../Drivers/CMSIS/Include -O0 -ffunction-sections -fdata-sections -Wall -fstack-usage -fcyclomatic-complexity -MMD -MP -MF"Core/Src/main.d" -MT"Core/Src/main.o" --specs=nano.specs -mfpu=fpv4-sp-d16 -mfloat-abi=hard -mthumb -o "Core/Src/main.o"
arm-none-eabi-gcc -o "CommunicationMaster.elf" @"objects.list"   -mcpu=cortex-m4 -T"C:\Users\BillL\Desktop\ECE-198-project-main\ECE-198-project-main\Communication\CommunicationMaster\STM32F401RETX_FLASH.ld" --specs=nosys.specs -Wl,-Map="CommunicationMaster.map" -Wl,--gc-sections -static --specs=nano.specs -mfpu=fpv4-sp-d16 -mfloat-abi=hard -mthumb -Wl,--start-group -lc -lm -Wl,--end-group
Finished building target: CommunicationMaster.elf
 
arm-none-eabi-size  CommunicationMaster.elf 
arm-none-eabi-objdump -h -S CommunicationMaster.elf  > "CommunicationMaster.list"
   text	   data	    bss	    dec	    hex	filename
  10860	     12	   1732	  12604	   313c	CommunicationMaster.elf
Finished building: default.size.stdout
 
Finished building: CommunicationMaster.list
 
17:33:21 **** Incremental Build of configuration Debug for project CommunicationMaster ****
make -j32 all 
arm-none-eabi-gcc "../Core/Src/main.c" -mcpu=cortex-m4 -std=gnu11 -g3 -DDEBUG -DUSE_HAL_DRIVER -DSTM32F401xE -c -I../Core/Inc -I../Drivers/STM32F4xx_HAL_Driver/Inc -I../Drivers/STM32F4xx_HAL_Driver/Inc/Legacy -I../Drivers/CMSIS/Device/ST/STM32F4xx/Include -I../Drivers/CMSIS/Include -O0 -ffunction-sections -fdata-sections -Wall -fstack-usage -fcyclomatic-complexity -MMD -MP -MF"Core/Src/main.d" -MT"Core/Src/main.o" --specs=nano.specs -mfpu=fpv4-sp-d16 -mfloat-abi=hard -mthumb -o "Core/Src/main.o"
arm-none-eabi-gcc -o "CommunicationMaster.elf" @"objects.list"   -mcpu=cortex-m4 -T"C:\Users\BillL\Desktop\ECE-198-project-main\ECE-198-project-main\Communication\CommunicationMaster\STM32F401RETX_FLASH.ld" --specs=nosys.specs -Wl,-Map="CommunicationMaster.map" -Wl,--gc-sections -static --specs=nano.specs -mfpu=fpv4-sp-d16 -mfloat-abi=hard -mthumb -Wl,--start-group -lc -lm -Wl,--end-group
Finished building target: CommunicationMaster.elf
 
arm-none-eabi-size  CommunicationMaster.elf 
arm-none-eabi-objdump -h -S CommunicationMaster.elf  > "CommunicationMaster.list"
   text	   data	    bss	    dec	    hex	filename
  10824	     12	   1732	  12568	   3118	CommunicationMaster.elf
Finished building: default.size.stdout
 
Finished building: CommunicationMaster.list
 
17:35:02 **** Incremental Build of configuration Debug for project CommunicationMaster ****
make -j32 all 
arm-none-eabi-gcc "../Core/Src/main.c" -mcpu=cortex-m4 -std=gnu11 -g3 -DDEBUG -DUSE_HAL_DRIVER -DSTM32F401xE -c -I../Core/Inc -I../Drivers/STM32F4xx_HAL_Driver/Inc -I../Drivers/STM32F4xx_HAL_Driver/Inc/Legacy -I../Drivers/CMSIS/Device/ST/STM32F4xx/Include -I../Drivers/CMSIS/Include -O0 -ffunction-sections -fdata-sections -Wall -fstack-usage -fcyclomatic-complexity -MMD -MP -MF"Core/Src/main.d" -MT"Core/Src/main.o" --specs=nano.specs -mfpu=fpv4-sp-d16 -mfloat-abi=hard -mthumb -o "Core/Src/main.o"
arm-none-eabi-gcc -o "CommunicationMaster.elf" @"objects.list"   -mcpu=cortex-m4 -T"C:\Users\BillL\Desktop\ECE-198-project-main\ECE-198-project-main\Communication\CommunicationMaster\STM32F401RETX_FLASH.ld" --specs=nosys.specs -Wl,-Map="CommunicationMaster.map" -Wl,--gc-sections -static --specs=nano.specs -mfpu=fpv4-sp-d16 -mfloat-abi=hard -mthumb -Wl,--start-group -lc -lm -Wl,--end-group
Finished building target: CommunicationMaster.elf
 
arm-none-eabi-size  CommunicationMaster.elf 
arm-none-eabi-objdump -h -S CommunicationMaster.elf  > "CommunicationMaster.list"
   text	   data	    bss	    dec	    hex	filename
  10816	     12	   1732	  12560	   3110	CommunicationMaster.elf
Finished building: default.size.stdout
 
Finished building: CommunicationMaster.list
 
17:38:13 **** Incremental Build of configuration Debug for project CommunicationSlave ****
make -j32 all 
arm-none-eabi-gcc "../Core/Src/main.c" -mcpu=cortex-m4 -std=gnu11 -g3 -DDEBUG -DUSE_HAL_DRIVER -DSTM32F401xE -c -I../Core/Inc -I../Drivers/STM32F4xx_HAL_Driver/Inc -I../Drivers/STM32F4xx_HAL_Driver/Inc/Legacy -I../Drivers/CMSIS/Device/ST/STM32F4xx/Include -I../Drivers/CMSIS/Include -O0 -ffunction-sections -fdata-sections -Wall -fstack-usage -fcyclomatic-complexity -MMD -MP -MF"Core/Src/main.d" -MT"Core/Src/main.o" --specs=nano.specs -mfpu=fpv4-sp-d16 -mfloat-abi=hard -mthumb -o "Core/Src/main.o"
arm-none-eabi-gcc "../Core/Src/stm32f4xx_hal_msp.c" -mcpu=cortex-m4 -std=gnu11 -g3 -DDEBUG -DUSE_HAL_DRIVER -DSTM32F401xE -c -I../Core/Inc -I../Drivers/STM32F4xx_HAL_Driver/Inc -I../Drivers/STM32F4xx_HAL_Driver/Inc/Legacy -I../Drivers/CMSIS/Device/ST/STM32F4xx/Include -I../Drivers/CMSIS/Include -O0 -ffunction-sections -fdata-sections -Wall -fstack-usage -fcyclomatic-complexity -MMD -MP -MF"Core/Src/stm32f4xx_hal_msp.d" -MT"Core/Src/stm32f4xx_hal_msp.o" --specs=nano.specs -mfpu=fpv4-sp-d16 -mfloat-abi=hard -mthumb -o "Core/Src/stm32f4xx_hal_msp.o"
../Core/Src/main.c: In function 'main':
../Core/Src/main.c:159:11: warning: implicit declaration of function 'controlBothMotors' [-Wimplicit-function-declaration]
  159 |           controlBothMotors(motor1Direction, motor2Direction);
      |           ^~~~~~~~~~~~~~~~~
../Core/Src/main.c:163:11: warning: implicit declaration of function 'snprintf' [-Wimplicit-function-declaration]
  163 |           snprintf(buffer, sizeof(buffer), "Sent: %d, Received: %d\r\n", tdsValue, receivedValue);
      |           ^~~~~~~~
../Core/Src/main.c:21:1: note: include '<stdio.h>' or provide a declaration of 'snprintf'
   20 | #include "main.h"
  +++ |+#include <stdio.h>
   21 | 
../Core/Src/main.c:163:11: warning: incompatible implicit declaration of built-in function 'snprintf' [-Wbuiltin-declaration-mismatch]
  163 |           snprintf(buffer, sizeof(buffer), "Sent: %d, Received: %d\r\n", tdsValue, receivedValue);
      |           ^~~~~~~~
../Core/Src/main.c:163:11: note: include '<stdio.h>' or provide a declaration of 'snprintf'
../Core/Src/main.c:164:57: warning: implicit declaration of function 'strlen' [-Wimplicit-function-declaration]
  164 |           HAL_UART_Transmit(&huart2, (uint8_t *)buffer, strlen(buffer), HAL_MAX_DELAY);
      |                                                         ^~~~~~
../Core/Src/main.c:21:1: note: include '<string.h>' or provide a declaration of 'strlen'
   20 | #include "main.h"
  +++ |+#include <string.h>
   21 | 
../Core/Src/main.c:164:57: warning: incompatible implicit declaration of built-in function 'strlen' [-Wbuiltin-declaration-mismatch]
  164 |           HAL_UART_Transmit(&huart2, (uint8_t *)buffer, strlen(buffer), HAL_MAX_DELAY);
      |                                                         ^~~~~~
../Core/Src/main.c:164:57: note: include '<string.h>' or provide a declaration of 'strlen'
../Core/Src/main.c:92:11: warning: unused variable 'rxData' [-Wunused-variable]
   92 |   uint8_t rxData[2]; // Store received data
      |           ^~~~~~
../Core/Src/main.c:91:11: warning: unused variable 'txData' [-Wunused-variable]
   91 |   uint8_t txData[2]; // Data to transmit
      |           ^~~~~~
../Core/Src/main.c: At top level:
../Core/Src/main.c:422:6: warning: conflicting types for 'controlBothMotors'; have 'void(int,  int)'
  422 | void controlBothMotors(int motor1Direction, int motor2Direction)
      |      ^~~~~~~~~~~~~~~~~
../Core/Src/main.c:159:11: note: previous implicit declaration of 'controlBothMotors' with type 'void(int,  int)'
  159 |           controlBothMotors(motor1Direction, motor2Direction);
      |           ^~~~~~~~~~~~~~~~~
arm-none-eabi-gcc -o "CommunicationSlave.elf" @"objects.list"   -mcpu=cortex-m4 -T"C:\Users\BillL\Desktop\ECE-198-project-main\ECE-198-project-main\Communication\CommunicationSlave\STM32F401RETX_FLASH.ld" --specs=nosys.specs -Wl,-Map="CommunicationSlave.map" -Wl,--gc-sections -static --specs=nano.specs -mfpu=fpv4-sp-d16 -mfloat-abi=hard -mthumb -Wl,--start-group -lc -lm -Wl,--end-group
Finished building target: CommunicationSlave.elf
 
arm-none-eabi-size  CommunicationSlave.elf 
arm-none-eabi-objdump -h -S CommunicationSlave.elf  > "CommunicationSlave.list"
   text	   data	    bss	    dec	    hex	filename
  18000	     92	   2204	  20296	   4f48	CommunicationSlave.elf
Finished building: default.size.stdout
 
Finished building: CommunicationSlave.list
 
