00:41:57 **** Incremental Build of configuration Debug for project CommunicationMaster ****
make -j32 all 
arm-none-eabi-gcc "../Core/Src/main.c" -mcpu=cortex-m4 -std=gnu11 -g3 -DDEBUG -DUSE_HAL_DRIVER -DSTM32F401xE -c -I../Core/Inc -I../Drivers/STM32F4xx_HAL_Driver/Inc -I../Drivers/STM32F4xx_HAL_Driver/Inc/Legacy -I../Drivers/CMSIS/Device/ST/STM32F4xx/Include -I../Drivers/CMSIS/Include -O0 -ffunction-sections -fdata-sections -Wall -fstack-usage -fcyclomatic-complexity -MMD -MP -MF"Core/Src/main.d" -MT"Core/Src/main.o" --specs=nano.specs -mfpu=fpv4-sp-d16 -mfloat-abi=hard -mthumb -o "Core/Src/main.o"
../Core/Src/main.c: In function 'main':
../Core/Src/main.c:175:5: warning: implicit declaration of function 'memcpy' [-Wimplicit-function-declaration]
  175 |     memcpy(&received_value, buffer1, sizeof(received_value));
      |     ^~~~~~
../Core/Src/main.c:21:1: note: include '<string.h>' or provide a declaration of 'memcpy'
   20 | #include "main.h"
  +++ |+#include <string.h>
   21 | 
../Core/Src/main.c:175:5: warning: incompatible implicit declaration of built-in function 'memcpy' [-Wbuiltin-declaration-mismatch]
  175 |     memcpy(&received_value, buffer1, sizeof(received_value));
      |     ^~~~~~
../Core/Src/main.c:175:5: note: include '<string.h>' or provide a declaration of 'memcpy'
../Core/Src/main.c:177:5: warning: implicit declaration of function 'snprintf' [-Wimplicit-function-declaration]
  177 |     snprintf(buffer, sizeof(buffer), "TDS: %d, MOTION: %d, %d", received_value, motor1Direction, motor2Direction);
      |     ^~~~~~~~
../Core/Src/main.c:21:1: note: include '<stdio.h>' or provide a declaration of 'snprintf'
   20 | #include "main.h"
  +++ |+#include <stdio.h>
   21 | 
../Core/Src/main.c:177:5: warning: incompatible implicit declaration of built-in function 'snprintf' [-Wbuiltin-declaration-mismatch]
  177 |     snprintf(buffer, sizeof(buffer), "TDS: %d, MOTION: %d, %d", received_value, motor1Direction, motor2Direction);
      |     ^~~~~~~~
../Core/Src/main.c:177:5: note: include '<stdio.h>' or provide a declaration of 'snprintf'
../Core/Src/main.c:178:51: warning: implicit declaration of function 'strlen' [-Wimplicit-function-declaration]
  178 |     HAL_UART_Transmit(&huart2, (uint8_t *)buffer, strlen(buffer), HAL_MAX_DELAY);
      |                                                   ^~~~~~
../Core/Src/main.c:178:51: note: include '<string.h>' or provide a declaration of 'strlen'
../Core/Src/main.c:178:51: warning: incompatible implicit declaration of built-in function 'strlen' [-Wbuiltin-declaration-mismatch]
../Core/Src/main.c:178:51: note: include '<string.h>' or provide a declaration of 'strlen'
../Core/Src/main.c:83:7: warning: unused variable 'rxData' [-Wunused-variable]
   83 |   int rxData; // Store received data
      |       ^~~~~~
arm-none-eabi-gcc -o "CommunicationMaster.elf" @"objects.list"   -mcpu=cortex-m4 -T"C:\Users\BillL\Desktop\ECE-198-project-main\ECE-198-project-main\Communication\CommunicationMaster\STM32F401RETX_FLASH.ld" --specs=nosys.specs -Wl,-Map="CommunicationMaster.map" -Wl,--gc-sections -static --specs=nano.specs -mfpu=fpv4-sp-d16 -mfloat-abi=hard -mthumb -Wl,--start-group -lc -lm -Wl,--end-group
Finished building target: CommunicationMaster.elf
 
arm-none-eabi-size  CommunicationMaster.elf 
arm-none-eabi-objdump -h -S CommunicationMaster.elf  > "CommunicationMaster.list"
   text	   data	    bss	    dec	    hex	filename
  11848	     92	   2044	  13984	   36a0	CommunicationMaster.elf
Finished building: default.size.stdout
 
Finished building: CommunicationMaster.list
 

00:41:58 Build Finished. 0 errors, 7 warnings. (took 1s.234ms)

